Archive member included to satisfy reference by file (symbol)

c:/program files/microchip/xc8/v3.10/avr/bin/../lib/gcc/avr/5.4.0/../../../../avr/lib/avr5\libm.a(addsf3.o)
                              build/default/debug/Si5351.o (__subsf3)
c:/program files/microchip/xc8/v3.10/avr/bin/../lib/gcc/avr/5.4.0/../../../../avr/lib/avr5\libm.a(addsf3x.o)
                              c:/program files/microchip/xc8/v3.10/avr/bin/../lib/gcc/avr/5.4.0/../../../../avr/lib/avr5\libm.a(addsf3.o) (__addsf3x)
c:/program files/microchip/xc8/v3.10/avr/bin/../lib/gcc/avr/5.4.0/../../../../avr/lib/avr5\libm.a(divsf3.o)
                              build/default/debug/Si5351.o (__divsf3)
c:/program files/microchip/xc8/v3.10/avr/bin/../lib/gcc/avr/5.4.0/../../../../avr/lib/avr5\libm.a(divsf3x.o)
                              c:/program files/microchip/xc8/v3.10/avr/bin/../lib/gcc/avr/5.4.0/../../../../avr/lib/avr5\libm.a(divsf3.o) (__divsf3x)
c:/program files/microchip/xc8/v3.10/avr/bin/../lib/gcc/avr/5.4.0/../../../../avr/lib/avr5\libm.a(fixunssfsi.o)
                              build/default/debug/Si5351.o (__fixunssfsi)
c:/program files/microchip/xc8/v3.10/avr/bin/../lib/gcc/avr/5.4.0/../../../../avr/lib/avr5\libm.a(floatsisf.o)
                              build/default/debug/Si5351.o (__floatunsisf)
c:/program files/microchip/xc8/v3.10/avr/bin/../lib/gcc/avr/5.4.0/../../../../avr/lib/avr5\libm.a(floorf.o)
                              build/default/debug/Si5351.o (floorf)
c:/program files/microchip/xc8/v3.10/avr/bin/../lib/gcc/avr/5.4.0/../../../../avr/lib/avr5\libm.a(fp_inf.o)
                              c:/program files/microchip/xc8/v3.10/avr/bin/../lib/gcc/avr/5.4.0/../../../../avr/lib/avr5\libm.a(addsf3x.o) (__fp_inf)
c:/program files/microchip/xc8/v3.10/avr/bin/../lib/gcc/avr/5.4.0/../../../../avr/lib/avr5\libm.a(fp_nan.o)
                              c:/program files/microchip/xc8/v3.10/avr/bin/../lib/gcc/avr/5.4.0/../../../../avr/lib/avr5\libm.a(addsf3x.o) (__fp_nan)
c:/program files/microchip/xc8/v3.10/avr/bin/../lib/gcc/avr/5.4.0/../../../../avr/lib/avr5\libm.a(fp_pscA.o)
                              c:/program files/microchip/xc8/v3.10/avr/bin/../lib/gcc/avr/5.4.0/../../../../avr/lib/avr5\libm.a(addsf3x.o) (__fp_pscA)
c:/program files/microchip/xc8/v3.10/avr/bin/../lib/gcc/avr/5.4.0/../../../../avr/lib/avr5\libm.a(fp_pscB.o)
                              c:/program files/microchip/xc8/v3.10/avr/bin/../lib/gcc/avr/5.4.0/../../../../avr/lib/avr5\libm.a(addsf3x.o) (__fp_pscB)
c:/program files/microchip/xc8/v3.10/avr/bin/../lib/gcc/avr/5.4.0/../../../../avr/lib/avr5\libm.a(fp_round.o)
                              c:/program files/microchip/xc8/v3.10/avr/bin/../lib/gcc/avr/5.4.0/../../../../avr/lib/avr5\libm.a(addsf3.o) (__fp_round)
c:/program files/microchip/xc8/v3.10/avr/bin/../lib/gcc/avr/5.4.0/../../../../avr/lib/avr5\libm.a(fp_split3.o)
                              c:/program files/microchip/xc8/v3.10/avr/bin/../lib/gcc/avr/5.4.0/../../../../avr/lib/avr5\libm.a(addsf3x.o) (__fp_split3)
c:/program files/microchip/xc8/v3.10/avr/bin/../lib/gcc/avr/5.4.0/../../../../avr/lib/avr5\libm.a(fp_zero.o)
                              c:/program files/microchip/xc8/v3.10/avr/bin/../lib/gcc/avr/5.4.0/../../../../avr/lib/avr5\libm.a(addsf3x.o) (__fp_zero)
c:/program files/microchip/xc8/v3.10/avr/bin/../lib/gcc/avr/5.4.0/../../../../avr/lib/avr5\libm.a(mulsf3.o)
                              build/default/debug/Si5351.o (__mulsf3)
c:/program files/microchip/xc8/v3.10/avr/bin/../lib/gcc/avr/5.4.0/../../../../avr/lib/avr5\libm.a(mulsf3x.o)
                              c:/program files/microchip/xc8/v3.10/avr/bin/../lib/gcc/avr/5.4.0/../../../../avr/lib/avr5\libm.a(mulsf3.o) (__mulsf3x)
c:/program files/microchip/xc8/v3.10/avr/bin/../lib/gcc/avr/5.4.0/avr5\libgcc.a(_mulsi3.o)
                              build/default/debug/main_screen.o (__mulsi3)
c:/program files/microchip/xc8/v3.10/avr/bin/../lib/gcc/avr/5.4.0/avr5\libgcc.a(_udivmodsi4.o)
                              build/default/debug/main_screen.o (__udivmodsi4)
c:/program files/microchip/xc8/v3.10/avr/bin/../lib/gcc/avr/5.4.0/avr5\libgcc.a(_tablejump2.o)
                              build/default/debug/main_screen.o (__tablejump2__)
c:/program files/microchip/xc8/v3.10/avr/bin/../lib/gcc/avr/5.4.0/avr5\libgcc.a(_copy_data.o)
                              build/default/debug/main_screen.o (__do_copy_data)
c:/program files/microchip/xc8/v3.10/avr/bin/../lib/gcc/avr/5.4.0/avr5\libgcc.a(_muluhisi3.o)
                              c:/program files/microchip/xc8/v3.10/avr/bin/../lib/gcc/avr/5.4.0/avr5\libgcc.a(_mulsi3.o) (__muluhisi3)
c:/program files/microchip/xc8/v3.10/avr/bin/../lib/gcc/avr/5.4.0/avr5\libgcc.a(_umulhisi3.o)
                              c:/program files/microchip/xc8/v3.10/avr/bin/../lib/gcc/avr/5.4.0/avr5\libgcc.a(_muluhisi3.o) (__umulhisi3)
[...]
Memory Configuration

Name             Origin             Length             Attributes
text             0x0000000000000000 0x0000000000008000 xr
data             0x0000000000800100 0x0000000000000800 rw !x
eeprom           0x0000000000810000 0x0000000000000400 rw !x
fuse             0x0000000000820000 0x0000000000000003 rw !x
lock             0x0000000000830000 0x0000000000000400 rw !x
signature        0x0000000000840000 0x0000000000000400 rw !x
user_signatures  0x0000000000850000 0x0000000000000400 rw !x
bootrow          0x0000000000860000 0x0000000000000400 rw !x
*default*        0x0000000000000000 0xffffffffffffffff

Linker script and memory map

Address of section .data set to 0x800100
LOAD C:/Program Files/Microchip/MPLABX/v6.30/packs/Microchip/ATmega_DFP/3.5.296/xc8/avr/lib/avr5/crtatmega324pb.o
                0x0000000000000001                __MPLAB_BUILD = 0x1
LOAD build/default/debug/main_screen.o
LOAD build/default/debug/twi.o
LOAD build/default/debug/ssd1306.o
LOAD build/default/debug/inputs.o
LOAD build/default/debug/Si5351.o
LOAD build/default/debug/uart.o
START GROUP
LOAD c:/program files/microchip/xc8/v3.10/avr/bin/../lib/gcc/avr/5.4.0/../../../../avr/lib/avr5\libm.a
END GROUP
                0x0000000000000001                __MPLAB_DEBUG = 0x1
                0x0000000000000001                __DEBUG = 0x1
                0x0000000000000001                __MPLAB_DEBUGGER_SIMULATOR = 0x1
START GROUP
LOAD c:/program files/microchip/xc8/v3.10/avr/bin/../lib/gcc/avr/5.4.0/avr5\libgcc.a
LOAD c:/program files/microchip/xc8/v3.10/avr/bin/../lib/gcc/avr/5.4.0/../../../../avr/lib/avr5\libm.a
LOAD c:/program files/microchip/xc8/v3.10/avr/bin/../lib/gcc/avr/5.4.0/../../../../avr/lib/avr5\libc.a
LOAD C:/Program Files/Microchip/MPLABX/v6.30/packs/Microchip/ATmega_DFP/3.5.296/xc8/avr/lib/avr5\libatmega324pb.a
END GROUP
                [0x0000000000000000]                __TEXT_REGION_ORIGIN__ = DEFINED (__TEXT_REGION_ORIGIN__)?__TEXT_REGION_ORIGIN__:0x0
                [0x0000000000800100]                __DATA_REGION_ORIGIN__ = DEFINED (__DATA_REGION_ORIGIN__)?__DATA_REGION_ORIGIN__:0x800060
                [0x0000000000008000]                __TEXT_REGION_LENGTH__ = DEFINED (__TEXT_REGION_LENGTH__)?__TEXT_REGION_LENGTH__:0x20000
                [0x0000000000000800]                __DATA_REGION_LENGTH__ = DEFINED (__DATA_REGION_LENGTH__)?__DATA_REGION_LENGTH__:0xffa0
                [0x0000000000000400]                __EEPROM_REGION_LENGTH__ = DEFINED (__EEPROM_REGION_LENGTH__)?__EEPROM_REGION_LENGTH__:0x10000
                [0x0000000000000003]                __FUSE_REGION_LENGTH__ = DEFINED (__FUSE_REGION_LENGTH__)?__FUSE_REGION_LENGTH__:0x400
                0x0000000000000400                __LOCK_REGION_LENGTH__ = DEFINED (__LOCK_REGION_LENGTH__)?__LOCK_REGION_LENGTH__:0x400
                0x0000000000000400                __SIGNATURE_REGION_LENGTH__ = DEFINED (__SIGNATURE_REGION_LENGTH__)?__SIGNATURE_REGION_LENGTH__:0x400
                0x0000000000000400                __USER_SIGNATURE_REGION_LENGTH__ = DEFINED (__USER_SIGNATURE_REGION_LENGTH__)?__USER_SIGNATURE_REGION_LENGTH__:0x400
                0x0000000000000400                __BOOTROW_REGION_LENGTH__ = DEFINED (__BOOTROW_REGION_LENGTH__)?__BOOTROW_REGION_LENGTH__:0x400

.hash
 *(.hash)

.dynsym
 *(.dynsym)

.dynstr
 *(.dynstr)

.gnu.version
 *(.gnu.version)

.gnu.version_d
 *(.gnu.version_d)

.gnu.version_r
 *(.gnu.version_r)

.rel.init
 *(.rel.init)

.rela.init
 *(.rela.init)

.rel.text
 *(.rel.text)
 *(.rel.text.*)
 *(.rel.gnu.linkonce.t*)

.rela.text
 *(.rela.text)
 *(.rela.text.*)
 *(.rela.gnu.linkonce.t*)

.rel.fini
 *(.rel.fini)

.rela.fini
 *(.rela.fini)

.rel.rodata
 *(.rel.rodata)
 *(.rel.rodata.*)
 *(.rel.gnu.linkonce.r*)

.rela.rodata
 *(.rela.rodata)
 *(.rela.rodata.*)
 *(.rela.gnu.linkonce.r*)

.rel.data
 *(.rel.data)
 *(.rel.data.*)
 *(.rel.gnu.linkonce.d*)

.rela.data
 *(.rela.data)
 *(.rela.data.*)
 *(.rela.gnu.linkonce.d*)

.rel.ctors
 *(.rel.ctors)

.rela.ctors
 *(.rela.ctors)

.rel.dtors
 *(.rel.dtors)

.rela.dtors
 *(.rela.dtors)

.rel.got
 *(.rel.got)

.rela.got
 *(.rela.got)

.rel.bss
 *(.rel.bss)

.rela.bss
 *(.rela.bss)

.rel.plt
 *(.rel.plt)

.rela.plt
 *(.rela.plt)

.text           0x0000000000000000      0x172
 *(.vectors)
 .vectors       0x0000000000000000       0xcc C:/Program Files/Microchip/MPLABX/v6.30/packs/Microchip/ATmega_DFP/3.5.296/xc8/avr/lib/avr5/crtatmega324pb.o
                0x0000000000000000                __vector_default
                0x0000000000000000                __vectors
 *(.vectors)
 *(.progmem.gcc*)
 .progmem.gcc_sw_table.Update_Left_Screen
                0x00000000000000cc       0x10 build/default/debug/main_screen.o
 *(.dinit)
 .dinit         0x00000000000000dc       0x41 data_init
                0x000000000000011e                . = ALIGN (0x2)
 *fill*         0x000000000000011d        0x1 
                0x000000000000011e                __trampolines_start = .
 *(.trampolines)
 .trampolines   0x000000000000011e        0x0 linker stubs
 *(.trampolines*)
                0x000000000000011e                __trampolines_end = .
 *libprintf_flt.a:*(.progmem.data)
 *libc.a:*(.progmem.data)
                0x000000000000011e                . = ALIGN (0x2)
 *(.jumptables)
 *(.jumptables*)
 *(.lowtext)
 *(.lowtext*)
                0x000000000000011e                __ctors_start = .
 *(.ctors)
                0x000000000000011e                __ctors_end = .
                0x000000000000011e                __dtors_start = .
 *(.dtors)
                0x000000000000011e                __dtors_end = .
 SORT(*)(.ctors)
 SORT(*)(.dtors)
 *(.init0)
 .init0         0x000000000000011e        0x0 C:/Program Files/Microchip/MPLABX/v6.30/packs/Microchip/ATmega_DFP/3.5.296/xc8/avr/lib/avr5/crtatmega324pb.o
                0x000000000000011e                __init
 *(.init0)
 *(.init1)
 *(.init1)
 *(.init2)
 .init2         0x000000000000011e        0xc C:/Program Files/Microchip/MPLABX/v6.30/packs/Microchip/ATmega_DFP/3.5.296/xc8/avr/lib/avr5/crtatmega324pb.o
 *(.init2)
 *(.init3)
 *(.init3)
 *(.init4)
 .init4         0x000000000000012a       0x3c c:/program files/microchip/xc8/v3.10/avr/bin/../lib/gcc/avr/5.4.0/avr5\libgcc.a(_copy_data.o)
                0x000000000000012a                __do_copy_data
                0x0000000000000158                __do_clear_bss
 *(.init4)
 *(.init5)
 *(.init5)
 *(.init6)
 *(.init6)
 *(.init7)
 *(.init7)
 *(.init8)
 *(.init8)
 *(.init9)
 .init9         0x0000000000000166        0x8 C:/Program Files/Microchip/MPLABX/v6.30/packs/Microchip/ATmega_DFP/3.5.296/xc8/avr/lib/avr5/crtatmega324pb.o
 *(.init9)
                0x000000000000016e                . = ALIGN (0x2)
 *(.fini9)
 .fini9         0x000000000000016e        0x0 c:/program files/microchip/xc8/v3.10/avr/bin/../lib/gcc/avr/5.4.0/avr5\libgcc.a(_exit.o)
                0x000000000000016e                _exit
 *(.fini9)
 *(.fini8)
 *(.fini8)
 *(.fini7)
 *(.fini7)
 *(.fini6)
 *(.fini6)
 *(.fini5)
 *(.fini5)
 *(.fini4)
 *(.fini4)
 *(.fini3)
 *(.fini3)
 *(.fini2)
 *(.fini2)
 *(.fini1)
 *(.fini1)
 *(.fini0)
 .fini0         0x000000000000016e        0x4 c:/program files/microchip/xc8/v3.10/avr/bin/../lib/gcc/avr/5.4.0/avr5\libgcc.a(_exit.o)
 *(.fini0)
                0x0000000000000172                _etext = .

.data           0x0000000000800100        0x0 load address 0x0000000000000172
                [!provide]                        PROVIDE (__data_start, .)
 *(.gnu.linkonce.d*)
 *(.gnu.linkonce.r*)
                0x0000000000800100                . = ALIGN (0x2)
                0x0000000000800100                _edata = .
                [!provide]                        PROVIDE (__data_end, .)

.bss            0x0000000000800100        0x2
                [!provide]                        PROVIDE (__bss_start, .)
 *(COMMON)
 COMMON         0x0000000000800100        0x2 c:/program files/microchip/xc8/v3.10/avr/bin/../lib/gcc/avr/5.4.0/../../../../avr/lib/avr5\libc.a(errno.o)
                0x0000000000800100                __errno_val
                [!provide]                        PROVIDE (__bss_end, .)
                0x0000000000000172                __data_load_start = LOADADDR (.data)
                0x0000000000000172                __data_load_end = (__data_load_start + SIZEOF (.data))

.noinit         0x0000000000800102        0x0
                [!provide]                        PROVIDE (__noinit_start, .)
 *(.noinit*)
                [!provide]                        PROVIDE (__noinit_end, .)
                0x0000000000800102                _end = .

.eeprom         0x0000000000810000        0x0
 *(.eeprom*)
                0x0000000000810000                __eeprom_end = .

.fuse
 *(.fuse)
 *(.lfuse)
 *(.hfuse)
 *(.efuse)

.lock
 *(.lock*)

.signature
 *(.signature*)

.user_signatures
 *(.user_signatures*)

.bootrow
 *(.bootrow*)

.stab
 *(.stab)

.stabstr
 *(.stabstr)

.stab.excl
 *(.stab.excl)

.stab.exclstr
 *(.stab.exclstr)

.stab.index
 *(.stab.index)

.stab.indexstr
 *(.stab.indexstr)

.comment        0x0000000000000000       0x5b
 *(.comment)
 .comment       0x0000000000000000       0x2f build/default/debug/main_screen.o
                                         0x30 (size before relaxing)
 .comment       0x000000000000002f       0x30 build/default/debug/twi.o
 .comment       0x000000000000002f       0x30 build/default/debug/ssd1306.o
 .comment       0x000000000000002f       0x30 build/default/debug/inputs.o
 .comment       0x000000000000002f       0x30 build/default/debug/Si5351.o
 .comment       0x000000000000002f       0x30 build/default/debug/uart.o
 .comment       0x000000000000002f       0x2c c:/program files/microchip/xc8/v3.10/avr/bin/../lib/gcc/avr/5.4.0/../../../../avr/lib/avr5\libm.a(floorf.o)
                                         0x2d (size before relaxing)
 .comment       0x000000000000005b       0x2d c:/program files/microchip/xc8/v3.10/avr/bin/../lib/gcc/avr/5.4.0/../../../../avr/lib/avr5\libc.a(exit.o)
 .comment       0x000000000000005b       0x2d c:/program files/microchip/xc8/v3.10/avr/bin/../lib/gcc/avr/5.4.0/../../../../avr/lib/avr5\libc.a(__sio_sprintf_dosux.o)
 .comment       0x000000000000005b       0x2d c:/program files/microchip/xc8/v3.10/avr/bin/../lib/gcc/avr/5.4.0/../../../../avr/lib/avr5\libc.a(__sio_sprintf_doux.o)
 .comment       0x000000000000005b       0x2d c:/program files/microchip/xc8/v3.10/avr/bin/../lib/gcc/avr/5.4.0/../../../../avr/lib/avr5\libc.a(__fmt_d.o)
 .comment       0x000000000000005b       0x2d c:/program files/microchip/xc8/v3.10/avr/bin/../lib/gcc/avr/5.4.0/../../../../avr/lib/avr5\libc.a(__fmt_o.o)
 .comment       0x000000000000005b       0x2d c:/program files/microchip/xc8/v3.10/avr/bin/../lib/gcc/avr/5.4.0/../../../../avr/lib/avr5\libc.a(__fmt_s.o)
 .comment       0x000000000000005b       0x2d c:/program files/microchip/xc8/v3.10/avr/bin/../lib/gcc/avr/5.4.0/../../../../avr/lib/avr5\libc.a(__fmt_u.o)
 .comment       0x000000000000005b       0x2d c:/program files/microchip/xc8/v3.10/avr/bin/../lib/gcc/avr/5.4.0/../../../../avr/lib/avr5\libc.a(__fmt_x.o)
 .comment       0x000000000000005b       0x2d c:/program files/microchip/xc8/v3.10/avr/bin/../lib/gcc/avr/5.4.0/../../../../avr/lib/avr5\libc.a(__pop_int.o)
 .comment       0x000000000000005b       0x2d c:/program files/microchip/xc8/v3.10/avr/bin/../lib/gcc/avr/5.4.0/../../../../avr/lib/avr5\libc.a(__printf_core.o)
 .comment       0x000000000000005b       0x2d c:/program files/microchip/xc8/v3.10/avr/bin/../lib/gcc/avr/5.4.0/../../../../avr/lib/avr5\libc.a(fputc.o)
 .comment       0x000000000000005b       0x2d c:/program files/microchip/xc8/v3.10/avr/bin/../lib/gcc/avr/5.4.0/../../../../avr/lib/avr5\libc.a(atol.o)
 .comment       0x000000000000005b       0x2d c:/program files/microchip/xc8/v3.10/avr/bin/../lib/gcc/avr/5.4.0/../../../../avr/lib/avr5\libc.a(strlen.o)
 .comment       0x000000000000005b       0x2d c:/program files/microchip/xc8/v3.10/avr/bin/../lib/gcc/avr/5.4.0/../../../../avr/lib/avr5\libc.a(strncmp.o)
 .comment       0x000000000000005b       0x2d c:/program files/microchip/xc8/v3.10/avr/bin/../lib/gcc/avr/5.4.0/../../../../avr/lib/avr5\libc.a(tolower.o)
 .comment       0x000000000000005b       0x2d c:/program files/microchip/xc8/v3.10/avr/bin/../lib/gcc/avr/5.4.0/../../../../avr/lib/avr5\libc.a(toupper.o)
 .comment       0x000000000000005b       0x2d c:/program files/microchip/xc8/v3.10/avr/bin/../lib/gcc/avr/5.4.0/../../../../avr/lib/avr5\libc.a(errno.o)
 .comment       0x000000000000005b       0x2d c:/program files/microchip/xc8/v3.10/avr/bin/../lib/gcc/avr/5.4.0/../../../../avr/lib/avr5\libc.a(_Exit.o)
 .comment       0x000000000000005b       0x2d c:/program files/microchip/xc8/v3.10/avr/bin/../lib/gcc/avr/5.4.0/../../../../avr/lib/avr5\libc.a(__int_vsprintf.o)
 .comment       0x000000000000005b       0x2d c:/program files/microchip/xc8/v3.10/avr/bin/../lib/gcc/avr/5.4.0/../../../../avr/lib/avr5\libc.a(__int_vsnprintf.o)
 .comment       0x000000000000005b       0x2d c:/program files/microchip/xc8/v3.10/avr/bin/../lib/gcc/avr/5.4.0/../../../../avr/lib/avr5\libc.a(__int_vfprintf.o)

.stack.descriptors.hdr
                0x0000000000000000      0x25a
 .stack.descriptors.hdr
                0x0000000000000000        0xe c:/program files/microchip/xc8/v3.10/avr/bin/../lib/gcc/avr/5.4.0/../../../../avr/lib/avr5\libm.a(addsf3.o)
 .stack.descriptors.hdr
                0x000000000000000e        0xe c:/program files/microchip/xc8/v3.10/avr/bin/../lib/gcc/avr/5.4.0/../../../../avr/lib/avr5\libm.a(addsf3x.o)
 .stack.descriptors.hdr
                0x000000000000001c        0xe c:/program files/microchip/xc8/v3.10/avr/bin/../lib/gcc/avr/5.4.0/../../../../avr/lib/avr5\libm.a(divsf3.o)
 .stack.descriptors.hdr
                0x000000000000002a        0xe c:/program files/microchip/xc8/v3.10/avr/bin/../lib/gcc/avr/5.4.0/../../../../avr/lib/avr5\libm.a(divsf3x.o)
 .stack.descriptors.hdr
                0x0000000000000038        0xe c:/program files/microchip/xc8/v3.10/avr/bin/../lib/gcc/avr/5.4.0/../../../../avr/lib/avr5\libm.a(fixunssfsi.o)
 .stack.descriptors.hdr
                0x0000000000000046        0xe c:/program files/microchip/xc8/v3.10/avr/bin/../lib/gcc/avr/5.4.0/../../../../avr/lib/avr5\libm.a(floatsisf.o)
 .stack.descriptors.hdr
                0x0000000000000054        0xe c:/program files/microchip/xc8/v3.10/avr/bin/../lib/gcc/avr/5.4.0/../../../../avr/lib/avr5\libm.a(floorf.o)
 .stack.descriptors.hdr
                0x0000000000000062        0xe c:/program files/microchip/xc8/v3.10/avr/bin/../lib/gcc/avr/5.4.0/../../../../avr/lib/avr5\libm.a(fp_inf.o)
 .stack.descriptors.hdr
                0x0000000000000070        0xe c:/program files/microchip/xc8/v3.10/avr/bin/../lib/gcc/avr/5.4.0/../../../../avr/lib/avr5\libm.a(fp_nan.o)
 .stack.descriptors.hdr
                0x000000000000007e        0xe c:/program files/microchip/xc8/v3.10/avr/bin/../lib/gcc/avr/5.4.0/../../../../avr/lib/avr5\libm.a(fp_pscA.o)
 .stack.descriptors.hdr
                0x000000000000008c        0xe c:/program files/microchip/xc8/v3.10/avr/bin/../lib/gcc/avr/5.4.0/../../../../avr/lib/avr5\libm.a(fp_pscB.o)
 .stack.descriptors.hdr
                0x000000000000009a        0xe c:/program files/microchip/xc8/v3.10/avr/bin/../lib/gcc/avr/5.4.0/../../../../avr/lib/avr5\libm.a(fp_round.o)
 .stack.descriptors.hdr
                0x00000000000000a8        0xe c:/program files/microchip/xc8/v3.10/avr/bin/../lib/gcc/avr/5.4.0/../../../../avr/lib/avr5\libm.a(fp_split3.o)
 .stack.descriptors.hdr
                0x00000000000000b6        0xe c:/program files/microchip/xc8/v3.10/avr/bin/../lib/gcc/avr/5.4.0/../../../../avr/lib/avr5\libm.a(fp_zero.o)
 .stack.descriptors.hdr
                0x00000000000000c4        0xe c:/program files/microchip/xc8/v3.10/avr/bin/../lib/gcc/avr/5.4.0/../../../../avr/lib/avr5\libm.a(mulsf3.o)
 .stack.descriptors.hdr
                0x00000000000000d2        0xe c:/program files/microchip/xc8/v3.10/avr/bin/../lib/gcc/avr/5.4.0/../../../../avr/lib/avr5\libm.a(mulsf3x.o)
 .stack.descriptors.hdr
                0x00000000000000e0        0xe c:/program files/microchip/xc8/v3.10/avr/bin/../lib/gcc/avr/5.4.0/avr5\libgcc.a(_mulsi3.o)
 .stack.descriptors.hdr
                0x00000000000000ee        0xe c:/program files/microchip/xc8/v3.10/avr/bin/../lib/gcc/avr/5.4.0/avr5\libgcc.a(_udivmodsi4.o)
 .stack.descriptors.hdr
                0x00000000000000fc        0xe c:/program files/microchip/xc8/v3.10/avr/bin/../lib/gcc/avr/5.4.0/avr5\libgcc.a(_tablejump2.o)
 .stack.descriptors.hdr
                0x000000000000010a        0xe c:/program files/microchip/xc8/v3.10/avr/bin/../lib/gcc/avr/5.4.0/avr5\libgcc.a(_muluhisi3.o)
 .stack.descriptors.hdr
                0x0000000000000118        0xe c:/program files/microchip/xc8/v3.10/avr/bin/../lib/gcc/avr/5.4.0/avr5\libgcc.a(_umulhisi3.o)
 .stack.descriptors.hdr
                0x0000000000000126        0xe c:/program files/microchip/xc8/v3.10/avr/bin/../lib/gcc/avr/5.4.0/../../../../avr/lib/avr5\libc.a(exit.o)
 .stack.descriptors.hdr
                0x0000000000000134        0xe c:/program files/microchip/xc8/v3.10/avr/bin/../lib/gcc/avr/5.4.0/../../../../avr/lib/avr5\libc.a(__sio_sprintf_dosux.o)
 .stack.descriptors.hdr
                0x0000000000000142        0xe c:/program files/microchip/xc8/v3.10/avr/bin/../lib/gcc/avr/5.4.0/../../../../avr/lib/avr5\libc.a(__sio_sprintf_doux.o)
 .stack.descriptors.hdr
                0x0000000000000150        0xe c:/program files/microchip/xc8/v3.10/avr/bin/../lib/gcc/avr/5.4.0/../../../../avr/lib/avr5\libc.a(__fmt_d.o)
 .stack.descriptors.hdr
                0x000000000000015e        0xe c:/program files/microchip/xc8/v3.10/avr/bin/../lib/gcc/avr/5.4.0/../../../../avr/lib/avr5\libc.a(__fmt_o.o)
 .stack.descriptors.hdr
                0x000000000000016c        0xe c:/program files/microchip/xc8/v3.10/avr/bin/../lib/gcc/avr/5.4.0/../../../../avr/lib/avr5\libc.a(__fmt_s.o)
 .stack.descriptors.hdr
                0x000000000000017a        0xe c:/program files/microchip/xc8/v3.10/avr/bin/../lib/gcc/avr/5.4.0/../../../../avr/lib/avr5\libc.a(__fmt_u.o)
 .stack.descriptors.hdr
                0x0000000000000188        0xe c:/program files/microchip/xc8/v3.10/avr/bin/../lib/gcc/avr/5.4.0/../../../../avr/lib/avr5\libc.a(__fmt_x.o)
 .stack.descriptors.hdr
                0x0000000000000196        0xe c:/program files/microchip/xc8/v3.10/avr/bin/../lib/gcc/avr/5.4.0/../../../../avr/lib/avr5\libc.a(__pop_int.o)
 .stack.descriptors.hdr
                0x00000000000001a4        0xe c:/program files/microchip/xc8/v3.10/avr/bin/../lib/gcc/avr/5.4.0/../../../../avr/lib/avr5\libc.a(__printf_core.o)
 .stack.descriptors.hdr
                0x00000000000001b2        0xe c:/program files/microchip/xc8/v3.10/avr/bin/../lib/gcc/avr/5.4.0/../../../../avr/lib/avr5\libc.a(fputc.o)
 .stack.descriptors.hdr
                0x00000000000001c0        0xe c:/program files/microchip/xc8/v3.10/avr/bin/../lib/gcc/avr/5.4.0/../../../../avr/lib/avr5\libc.a(atol.o)
 .stack.descriptors.hdr
                0x00000000000001ce        0xe c:/program files/microchip/xc8/v3.10/avr/bin/../lib/gcc/avr/5.4.0/../../../../avr/lib/avr5\libc.a(strlen.o)
 .stack.descriptors.hdr
                0x00000000000001dc        0xe c:/program files/microchip/xc8/v3.10/avr/bin/../lib/gcc/avr/5.4.0/../../../../avr/lib/avr5\libc.a(strncmp.o)
 .stack.descriptors.hdr
                0x00000000000001ea        0xe c:/program files/microchip/xc8/v3.10/avr/bin/../lib/gcc/avr/5.4.0/../../../../avr/lib/avr5\libc.a(tolower.o)
 .stack.descriptors.hdr
                0x00000000000001f8        0xe c:/program files/microchip/xc8/v3.10/avr/bin/../lib/gcc/avr/5.4.0/../../../../avr/lib/avr5\libc.a(toupper.o)
 .stack.descriptors.hdr
                0x0000000000000206        0xe c:/program files/microchip/xc8/v3.10/avr/bin/../lib/gcc/avr/5.4.0/../../../../avr/lib/avr5\libc.a(errno.o)
 .stack.descriptors.hdr
                0x0000000000000214        0xe c:/program files/microchip/xc8/v3.10/avr/bin/../lib/gcc/avr/5.4.0/../../../../avr/lib/avr5\libc.a(_Exit.o)
 .stack.descriptors.hdr
                0x0000000000000222        0xe c:/program files/microchip/xc8/v3.10/avr/bin/../lib/gcc/avr/5.4.0/../../../../avr/lib/avr5\libc.a(__int_vsprintf.o)
 .stack.descriptors.hdr
                0x0000000000000230        0xe c:/program files/microchip/xc8/v3.10/avr/bin/../lib/gcc/avr/5.4.0/../../../../avr/lib/avr5\libc.a(__int_vsnprintf.o)
 .stack.descriptors.hdr
                0x000000000000023e        0xe c:/program files/microchip/xc8/v3.10/avr/bin/../lib/gcc/avr/5.4.0/../../../../avr/lib/avr5\libc.a(__int_vfprintf.o)
 .stack.descriptors.hdr
                0x000000000000024c        0xe c:/program files/microchip/xc8/v3.10/avr/bin/../lib/gcc/avr/5.4.0/avr5\libgcc.a(_exit.o)

.note.GNU-stack
                0x0000000000000000        0x0
 .note.GNU-stack
                0x0000000000000000        0x0 c:/program files/microchip/xc8/v3.10/avr/bin/../lib/gcc/avr/5.4.0/../../../../avr/lib/avr5\libm.a(addsf3.o)
 .note.GNU-stack
                0x0000000000000000        0x0 c:/program files/microchip/xc8/v3.10/avr/bin/../lib/gcc/avr/5.4.0/../../../../avr/lib/avr5\libm.a(addsf3x.o)
 .note.GNU-stack
                0x0000000000000000        0x0 c:/program files/microchip/xc8/v3.10/avr/bin/../lib/gcc/avr/5.4.0/../../../../avr/lib/avr5\libm.a(divsf3.o)
 .note.GNU-stack
                0x0000000000000000        0x0 c:/program files/microchip/xc8/v3.10/avr/bin/../lib/gcc/avr/5.4.0/../../../../avr/lib/avr5\libm.a(divsf3x.o)
 .note.GNU-stack
                0x0000000000000000        0x0 c:/program files/microchip/xc8/v3.10/avr/bin/../lib/gcc/avr/5.4.0/../../../../avr/lib/avr5\libm.a(fixunssfsi.o)
 .note.GNU-stack
                0x0000000000000000        0x0 c:/program files/microchip/xc8/v3.10/avr/bin/../lib/gcc/avr/5.4.0/../../../../avr/lib/avr5\libm.a(floatsisf.o)
 .note.GNU-stack
                0x0000000000000000        0x0 c:/program files/microchip/xc8/v3.10/avr/bin/../lib/gcc/avr/5.4.0/../../../../avr/lib/avr5\libm.a(floorf.o)
 .note.GNU-stack
                0x0000000000000000        0x0 c:/program files/microchip/xc8/v3.10/avr/bin/../lib/gcc/avr/5.4.0/../../../../avr/lib/avr5\libm.a(fp_inf.o)
 .note.GNU-stack
                0x0000000000000000        0x0 c:/program files/microchip/xc8/v3.10/avr/bin/../lib/gcc/avr/5.4.0/../../../../avr/lib/avr5\libm.a(fp_nan.o)
 .note.GNU-stack
                0x0000000000000000        0x0 c:/program files/microchip/xc8/v3.10/avr/bin/../lib/gcc/avr/5.4.0/../../../../avr/lib/avr5\libm.a(fp_pscA.o)
 .note.GNU-stack
                0x0000000000000000        0x0 c:/program files/microchip/xc8/v3.10/avr/bin/../lib/gcc/avr/5.4.0/../../../../avr/lib/avr5\libm.a(fp_pscB.o)
 .note.GNU-stack
                0x0000000000000000        0x0 c:/program files/microchip/xc8/v3.10/avr/bin/../lib/gcc/avr/5.4.0/../../../../avr/lib/avr5\libm.a(fp_round.o)
 .note.GNU-stack
                0x0000000000000000        0x0 c:/program files/microchip/xc8/v3.10/avr/bin/../lib/gcc/avr/5.4.0/../../../../avr/lib/avr5\libm.a(fp_split3.o)
 .note.GNU-stack
                0x0000000000000000        0x0 c:/program files/microchip/xc8/v3.10/avr/bin/../lib/gcc/avr/5.4.0/../../../../avr/lib/avr5\libm.a(fp_zero.o)
 .note.GNU-stack
                0x0000000000000000        0x0 c:/program files/microchip/xc8/v3.10/avr/bin/../lib/gcc/avr/5.4.0/../../../../avr/lib/avr5\libm.a(mulsf3.o)
 .note.GNU-stack
                0x0000000000000000        0x0 c:/program files/microchip/xc8/v3.10/avr/bin/../lib/gcc/avr/5.4.0/../../../../avr/lib/avr5\libm.a(mulsf3x.o)
 .note.GNU-stack
                0x0000000000000000        0x0 c:/program files/microchip/xc8/v3.10/avr/bin/../lib/gcc/avr/5.4.0/../../../../avr/lib/avr5\libc.a(exit.o)
 .note.GNU-stack
                0x0000000000000000        0x0 c:/program files/microchip/xc8/v3.10/avr/bin/../lib/gcc/avr/5.4.0/../../../../avr/lib/avr5\libc.a(__sio_sprintf_dosux.o)
 .note.GNU-stack
                0x0000000000000000        0x0 c:/program files/microchip/xc8/v3.10/avr/bin/../lib/gcc/avr/5.4.0/../../../../avr/lib/avr5\libc.a(__sio_sprintf_doux.o)
 .note.GNU-stack
                0x0000000000000000        0x0 c:/program files/microchip/xc8/v3.10/avr/bin/../lib/gcc/avr/5.4.0/../../../../avr/lib/avr5\libc.a(__fmt_d.o)
 .note.GNU-stack
                0x0000000000000000        0x0 c:/program files/microchip/xc8/v3.10/avr/bin/../lib/gcc/avr/5.4.0/../../../../avr/lib/avr5\libc.a(__fmt_o.o)
 .note.GNU-stack
                0x0000000000000000        0x0 c:/program files/microchip/xc8/v3.10/avr/bin/../lib/gcc/avr/5.4.0/../../../../avr/lib/avr5\libc.a(__fmt_s.o)
 .note.GNU-stack
                0x0000000000000000        0x0 c:/program files/microchip/xc8/v3.10/avr/bin/../lib/gcc/avr/5.4.0/../../../../avr/lib/avr5\libc.a(__fmt_u.o)
 .note.GNU-stack
                0x0000000000000000        0x0 c:/program files/microchip/xc8/v3.10/avr/bin/../lib/gcc/avr/5.4.0/../../../../avr/lib/avr5\libc.a(__fmt_x.o)
 .note.GNU-stack
                0x0000000000000000        0x0 c:/program files/microchip/xc8/v3.10/avr/bin/../lib/gcc/avr/5.4.0/../../../../avr/lib/avr5\libc.a(__pop_int.o)
 .note.GNU-stack
                0x0000000000000000        0x0 c:/program files/microchip/xc8/v3.10/avr/bin/../lib/gcc/avr/5.4.0/../../../../avr/lib/avr5\libc.a(__printf_core.o)
 .note.GNU-stack
                0x0000000000000000        0x0 c:/program files/microchip/xc8/v3.10/avr/bin/../lib/gcc/avr/5.4.0/../../../../avr/lib/avr5\libc.a(fputc.o)
 .note.GNU-stack
                0x0000000000000000        0x0 c:/program files/microchip/xc8/v3.10/avr/bin/../lib/gcc/avr/5.4.0/../../../../avr/lib/avr5\libc.a(atol.o)
 .note.GNU-stack
                0x0000000000000000        0x0 c:/program files/microchip/xc8/v3.10/avr/bin/../lib/gcc/avr/5.4.0/../../../../avr/lib/avr5\libc.a(strlen.o)
 .note.GNU-stack
                0x0000000000000000        0x0 c:/program files/microchip/xc8/v3.10/avr/bin/../lib/gcc/avr/5.4.0/../../../../avr/lib/avr5\libc.a(strncmp.o)
 .note.GNU-stack
                0x0000000000000000        0x0 c:/program files/microchip/xc8/v3.10/avr/bin/../lib/gcc/avr/5.4.0/../../../../avr/lib/avr5\libc.a(tolower.o)
 .note.GNU-stack
                0x0000000000000000        0x0 c:/program files/microchip/xc8/v3.10/avr/bin/../lib/gcc/avr/5.4.0/../../../../avr/lib/avr5\libc.a(toupper.o)
 .note.GNU-stack
                0x0000000000000000        0x0 c:/program files/microchip/xc8/v3.10/avr/bin/../lib/gcc/avr/5.4.0/../../../../avr/lib/avr5\libc.a(errno.o)
 .note.GNU-stack
                0x0000000000000000        0x0 c:/program files/microchip/xc8/v3.10/avr/bin/../lib/gcc/avr/5.4.0/../../../../avr/lib/avr5\libc.a(_Exit.o)
 .note.GNU-stack
                0x0000000000000000        0x0 c:/program files/microchip/xc8/v3.10/avr/bin/../lib/gcc/avr/5.4.0/../../../../avr/lib/avr5\libc.a(__int_vsprintf.o)
 .note.GNU-stack
                0x0000000000000000        0x0 c:/program files/microchip/xc8/v3.10/avr/bin/../lib/gcc/avr/5.4.0/../../../../avr/lib/avr5\libc.a(__int_vsnprintf.o)
 .note.GNU-stack
                0x0000000000000000        0x0 c:/program files/microchip/xc8/v3.10/avr/bin/../lib/gcc/avr/5.4.0/../../../../avr/lib/avr5\libc.a(__int_vfprintf.o)

.note.gnu.build-id
 *(.note.gnu.build-id)

.debug
 *(.debug)

.line
 *(.line)

.debug_srcinfo
 *(.debug_srcinfo)

.debug_sfnames
 *(.debug_sfnames)

.debug_aranges  0x0000000000000000      0x228
 *(.debug_aranges)
 .debug_aranges
                0x0000000000000000       0x70 build/default/debug/main_screen.o
 .debug_aranges
                0x0000000000000070       0x68 build/default/debug/twi.o
 .debug_aranges
                0x00000000000000d8       0x68 build/default/debug/ssd1306.o
 .debug_aranges
                0x0000000000000140       0x38 build/default/debug/inputs.o
 .debug_aranges
                0x0000000000000178       0x70 build/default/debug/Si5351.o
 .debug_aranges
                0x00000000000001e8       0x40 build/default/debug/uart.o

.debug_pubnames
 *(.debug_pubnames)

.debug_info     0x0000000000000000     0x625e
 *(.debug_info .gnu.linkonce.wi.*)
 .debug_info    0x0000000000000000      0x9bb C:/Program Files/Microchip/MPLABX/v6.30/packs/Microchip/ATmega_DFP/3.5.296/xc8/avr/lib/avr5/crtatmega324pb.o
 .debug_info    0x00000000000009bb     0x23cf build/default/debug/main_screen.o
 .debug_info    0x0000000000002d8a      0x42c build/default/debug/twi.o
 .debug_info    0x00000000000031b6      0xbdb build/default/debug/ssd1306.o
 .debug_info    0x0000000000003d91      0x5e3 build/default/debug/inputs.o
 .debug_info    0x0000000000004374     0x1ad9 build/default/debug/Si5351.o
 .debug_info    0x0000000000005e4d      0x411 build/default/debug/uart.o

.debug_abbrev   0x0000000000000000     0x132c
 *(.debug_abbrev)
 .debug_abbrev  0x0000000000000000      0x934 C:/Program Files/Microchip/MPLABX/v6.30/packs/Microchip/ATmega_DFP/3.5.296/xc8/avr/lib/avr5/crtatmega324pb.o
 .debug_abbrev  0x0000000000000934      0x269 build/default/debug/main_screen.o
 .debug_abbrev  0x0000000000000b9d       0xe4 build/default/debug/twi.o
 .debug_abbrev  0x0000000000000c81      0x154 build/default/debug/ssd1306.o
 .debug_abbrev  0x0000000000000dd5      0x1eb build/default/debug/inputs.o
 .debug_abbrev  0x0000000000000fc0      0x266 build/default/debug/Si5351.o
 .debug_abbrev  0x0000000000001226      0x106 build/default/debug/uart.o

.debug_line     0x0000000000000000     0x185f
 *(.debug_line .debug_line.* .debug_line_end)
 .debug_line    0x0000000000000000      0x1ca C:/Program Files/Microchip/MPLABX/v6.30/packs/Microchip/ATmega_DFP/3.5.296/xc8/avr/lib/avr5/crtatmega324pb.o
 .debug_line    0x00000000000001ca      0x829 build/default/debug/main_screen.o
 .debug_line    0x00000000000009f3      0x25f build/default/debug/twi.o
 .debug_line    0x0000000000000c52      0x302 build/default/debug/ssd1306.o
 .debug_line    0x0000000000000f54      0x253 build/default/debug/inputs.o
 .debug_line    0x00000000000011a7      0x50b build/default/debug/Si5351.o
 .debug_line    0x00000000000016b2      0x1ad build/default/debug/uart.o

.debug_frame    0x0000000000000000      0x6d8
 *(.debug_frame)
 .debug_frame   0x0000000000000000      0x1f8 build/default/debug/main_screen.o
 .debug_frame   0x00000000000001f8       0xc4 build/default/debug/twi.o
 .debug_frame   0x00000000000002bc      0x13c build/default/debug/ssd1306.o
 .debug_frame   0x00000000000003f8       0x60 build/default/debug/inputs.o
 .debug_frame   0x0000000000000458      0x1f4 build/default/debug/Si5351.o
 .debug_frame   0x000000000000064c       0x8c build/default/debug/uart.o

.debug_str      0x0000000000000000      0x503
 *(.debug_str)
 .debug_str     0x0000000000000000      0x35a C:/Program Files/Microchip/MPLABX/v6.30/packs/Microchip/ATmega_DFP/3.5.296/xc8/avr/lib/avr5/crtatmega324pb.o
 .debug_str     0x000000000000035a       0xf5 build/default/debug/main_screen.o
 .debug_str     0x000000000000044f        0x0 build/default/debug/twi.o
 .debug_str     0x000000000000044f       0x32 build/default/debug/ssd1306.o
 .debug_str     0x0000000000000481       0x26 build/default/debug/inputs.o
 .debug_str     0x00000000000004a7       0x5c build/default/debug/Si5351.o
 .debug_str     0x0000000000000503        0x0 build/default/debug/uart.o

.debug_loc      0x0000000000000000     0x19c5
 *(.debug_loc)
 .debug_loc     0x0000000000000000      0x7be build/default/debug/main_screen.o
 .debug_loc     0x00000000000007be       0xad build/default/debug/twi.o
 .debug_loc     0x000000000000086b      0x563 build/default/debug/ssd1306.o
 .debug_loc     0x0000000000000dce      0x1e0 build/default/debug/inputs.o
 .debug_loc     0x0000000000000fae      0x8e2 build/default/debug/Si5351.o
 .debug_loc     0x0000000000001890      0x135 build/default/debug/uart.o

.debug_macinfo
 *(.debug_macinfo)

.debug_weaknames
 *(.debug_weaknames)

.debug_funcnames
 *(.debug_funcnames)

.debug_typenames
 *(.debug_typenames)

.debug_varnames
 *(.debug_varnames)

.debug_pubtypes
 *(.debug_pubtypes)

.debug_ranges   0x0000000000000000      0x210
 *(.debug_ranges)
 .debug_ranges  0x0000000000000000       0x78 build/default/debug/main_screen.o
 .debug_ranges  0x0000000000000078       0x58 build/default/debug/twi.o
 .debug_ranges  0x00000000000000d0       0x58 build/default/debug/ssd1306.o
 .debug_ranges  0x0000000000000128       0x58 build/default/debug/inputs.o
 .debug_ranges  0x0000000000000180       0x60 build/default/debug/Si5351.o
 .debug_ranges  0x00000000000001e0       0x30 build/default/debug/uart.o

.debug_macro
 *(.debug_macro)
OUTPUT(dist/default/debug/ECE295-Subsystem-C-UI.debug.elf elf32-avr)
LOAD linker stubs
LOAD data_init

.note.gnu.avr.deviceinfo
                0x0000000000000000       0x40
 .note.gnu.avr.deviceinfo
                0x0000000000000000       0x40 C:/Program Files/Microchip/MPLABX/v6.30/packs/Microchip/ATmega_DFP/3.5.296/xc8/avr/lib/avr5/crtatmega324pb.o

.bss.blink_timer
                0x0000000000800551        0x2
 .bss.blink_timer
                0x0000000000800551        0x2 build/default/debug/main_screen.o
                0x0000000000800551                blink_timer

.bss.ctrl_source
                0x0000000000800555        0x1
 .bss.ctrl_source
                0x0000000000800555        0x1 build/default/debug/main_screen.o
                0x0000000000800555                ctrl_source

.bss.radio_mode
                0x0000000000800556        0x1
 .bss.radio_mode
                0x0000000000800556        0x1 build/default/debug/main_screen.o
                0x0000000000800556                radio_mode

.bss.cursor_pos
                0x0000000000800557        0x1
 .bss.cursor_pos
                0x0000000000800557        0x1 build/default/debug/main_screen.o
                0x0000000000800557                cursor_pos

.bss.ui_state   0x0000000000800558        0x1
 .bss.ui_state  0x0000000000800558        0x1 build/default/debug/main_screen.o
                0x0000000000800558                ui_state

.bss.enc_counter
                0x0000000000800559        0x1
 .bss.enc_counter
                0x0000000000800559        0x1 build/default/debug/inputs.o

.bss.lastRdivValue
                0x0000000000800528        0xc
 .bss.lastRdivValue
                0x0000000000800528        0xc build/default/debug/Si5351.o
                0x0000000000800528                lastRdivValue

.bss.rx_tail    0x000000000080055b        0x1
 .bss.rx_tail   0x000000000080055b        0x1 build/default/debug/uart.o
                0x000000000080055b                rx_tail

.bss.rx_head    0x000000000080055c        0x1
 .bss.rx_head   0x000000000080055c        0x1 build/default/debug/uart.o
                0x000000000080055c                rx_head

.bss.rx_ring    0x00000000008004a2       0x40
 .bss.rx_ring   0x00000000008004a2       0x40 build/default/debug/uart.o
                0x00000000008004a2                rx_ring

.text.vfpfcnvrt
                0x0000000000000172      0x3fc
 .text.vfpfcnvrt
                0x0000000000000172      0x3fc c:/program files/microchip/xc8/v3.10/avr/bin/../lib/gcc/avr/5.4.0/../../../../avr/lib/avr5\libc.a(__printf_core.o)
                0x0000000000000172                vfpfcnvrt

.text.setup_clock
                0x000000000000056e      0x3b2
 .text.setup_clock
                0x000000000000056e      0x3b2 build/default/debug/Si5351.o
                0x000000000000056e                setup_clock

.text.main      0x0000000000000920      0x29a
 .text.main     0x0000000000000920      0x29a build/default/debug/main_screen.o
                0x0000000000000920                main

.text.Parse_CAT_Command
                0x0000000000000bba      0x270
 .text.Parse_CAT_Command
                0x0000000000000bba      0x270 build/default/debug/main_screen.o
                0x0000000000000bba                Parse_CAT_Command

.text.setup_PLL
                0x0000000000000e2a      0x234
 .text.setup_PLL
                0x0000000000000e2a      0x234 build/default/debug/Si5351.o
                0x0000000000000e2a                setup_PLL

.text.__fmt_x   0x000000000000105e      0x1dc
 .text.__fmt_x  0x000000000000105e      0x1dc c:/program files/microchip/xc8/v3.10/avr/bin/../lib/gcc/avr/5.4.0/../../../../avr/lib/avr5\libc.a(__fmt_x.o)
                0x000000000000105e                __fmt_x_needed
                0x000000000000105e                __fmt_x

.text.Update_Si5351_Freq
                0x000000000000123a      0x18c
 .text.Update_Si5351_Freq
                0x000000000000123a      0x18c build/default/debug/main_screen.o
                0x000000000000123a                Update_Si5351_Freq

.text.Draw_Frequency
                0x00000000000013c6      0x14a
 .text.Draw_Frequency
                0x00000000000013c6      0x14a build/default/debug/main_screen.o
                0x00000000000013c6                Draw_Frequency

.text.Update_Left_Screen
                0x0000000000001510      0x142
 .text.Update_Left_Screen
                0x0000000000001510      0x142 build/default/debug/main_screen.o
                0x0000000000001510                Update_Left_Screen

.text.floorf    0x0000000000001652       0xe8
 .text.floorf   0x0000000000001652       0xe8 c:/program files/microchip/xc8/v3.10/avr/bin/../lib/gcc/avr/5.4.0/../../../../avr/lib/avr5\libm.a(floorf.o)
                0x0000000000001652                floorf

.text.__fmt_d   0x000000000000173a       0xe4
 .text.__fmt_d  0x000000000000173a       0xe4 c:/program files/microchip/xc8/v3.10/avr/bin/../lib/gcc/avr/5.4.0/../../../../avr/lib/avr5\libc.a(__fmt_d.o)
                0x000000000000173a                __fmt_d
                0x000000000000173a                __fmt_d_needed

.text           0x000000000000181e       0xde
 .text          0x000000000000181e       0xde c:/program files/microchip/xc8/v3.10/avr/bin/../lib/gcc/avr/5.4.0/../../../../avr/lib/avr5\libm.a(divsf3x.o)
                0x000000000000181e                __divsf3x
                0x0000000000001846                __divsf3_pse

.text.Update_Right_Screen
                0x00000000000018fc       0xd8
 .text.Update_Right_Screen
                0x00000000000018fc       0xd8 build/default/debug/main_screen.o
                0x00000000000018fc                Update_Right_Screen

.text           0x00000000000019d4       0xd4
 .text          0x00000000000019d4       0xd4 c:/program files/microchip/xc8/v3.10/avr/bin/../lib/gcc/avr/5.4.0/../../../../avr/lib/avr5\libm.a(mulsf3x.o)
                0x00000000000019d4                __mulsf3x
                0x00000000000019fa                __mulsf3_pse

.text.__pop_int
                0x0000000000001aa8       0xd0
 .text.__pop_int
                0x0000000000001aa8       0xd0 c:/program files/microchip/xc8/v3.10/avr/bin/../lib/gcc/avr/5.4.0/../../../../avr/lib/avr5\libc.a(__pop_int.o)
                0x0000000000001aa8                __pop_int_needed
                0x0000000000001aa8                __pop_int

.text.OLED_Init
                0x0000000000001b78       0xce
 .text.OLED_Init
                0x0000000000001b78       0xce build/default/debug/ssd1306.o
                0x0000000000001b78                OLED_Init

.text           0x0000000000001c46       0xce
 .text          0x0000000000001c46       0xce c:/program files/microchip/xc8/v3.10/avr/bin/../lib/gcc/avr/5.4.0/../../../../avr/lib/avr5\libm.a(addsf3x.o)
                0x0000000000001c46                __addsf3x

.text.__cvt_u   0x0000000000001d14       0xca
 .text.__cvt_u  0x0000000000001d14       0xca c:/program files/microchip/xc8/v3.10/avr/bin/../lib/gcc/avr/5.4.0/../../../../avr/lib/avr5\libc.a(__fmt_u.o)
                0x0000000000001d14                __cvt_u

.text.UART_GetCommand
                0x0000000000001dde       0xc2
 .text.UART_GetCommand
                0x0000000000001dde       0xc2 build/default/debug/uart.o
                0x0000000000001dde                UART_GetCommand

.text.Inputs_Scan
                0x0000000000001ea0       0xbe
 .text.Inputs_Scan
                0x0000000000001ea0       0xbe build/default/debug/inputs.o
                0x0000000000001ea0                Inputs_Scan

.text.si5351_init
                0x0000000000001f5e       0xb6
 .text.si5351_init
                0x0000000000001f5e       0xb6 build/default/debug/Si5351.o
                0x0000000000001f5e                si5351_init

.text.__fmt_o   0x0000000000002014       0xb2
 .text.__fmt_o  0x0000000000002014       0xb2 c:/program files/microchip/xc8/v3.10/avr/bin/../lib/gcc/avr/5.4.0/../../../../avr/lib/avr5\libc.a(__fmt_o.o)
                0x0000000000002014                __fmt_o
                0x0000000000002014                __fmt_o_needed

.text.atol      0x00000000000020c6       0xa0
 .text.atol     0x00000000000020c6       0xa0 c:/program files/microchip/xc8/v3.10/avr/bin/../lib/gcc/avr/5.4.0/../../../../avr/lib/avr5\libc.a(atol.o)
                0x00000000000020c6                atol

.text.fputc     0x0000000000002166       0x98
 .text.fputc    0x0000000000002166       0x98 c:/program files/microchip/xc8/v3.10/avr/bin/../lib/gcc/avr/5.4.0/../../../../avr/lib/avr5\libc.a(fputc.o)
                0x0000000000002166                fputc
                0x0000000000002166                putc

.text.__fmt_u   0x00000000000021fe       0x8e
 .text.__fmt_u  0x00000000000021fe       0x8e c:/program files/microchip/xc8/v3.10/avr/bin/../lib/gcc/avr/5.4.0/../../../../avr/lib/avr5\libc.a(__fmt_u.o)
                0x00000000000021fe                __fmt_u_needed
                0x00000000000021fe                __fmt_u

.text.OLED_ShowChar
                0x000000000000228c       0x7a
 .text.OLED_ShowChar
                0x000000000000228c       0x7a build/default/debug/ssd1306.o
                0x000000000000228c                OLED_ShowChar

.text           0x0000000000002306       0x7a
 .text          0x0000000000002306       0x7a c:/program files/microchip/xc8/v3.10/avr/bin/../lib/gcc/avr/5.4.0/../../../../avr/lib/avr5\libm.a(floatsisf.o)
                0x0000000000002306                __floatunsisf
                0x000000000000230a                __floatsisf

.text.__vsnprintf
                0x0000000000002380       0x74
 .text.__vsnprintf
                0x0000000000002380       0x74 c:/program files/microchip/xc8/v3.10/avr/bin/../lib/gcc/avr/5.4.0/../../../../avr/lib/avr5\libc.a(__int_vsnprintf.o)
                0x0000000000002380                __vsnprintf

.text.__pad     0x00000000000023f4       0x72
 .text.__pad    0x00000000000023f4       0x72 c:/program files/microchip/xc8/v3.10/avr/bin/../lib/gcc/avr/5.4.0/../../../../avr/lib/avr5\libc.a(__printf_core.o)
                0x00000000000023f4                __pad

.text.Frequency_Adjust
                0x0000000000002466       0x68
 .text.Frequency_Adjust
                0x0000000000002466       0x68 build/default/debug/main_screen.o
                0x0000000000002466                Frequency_Adjust

.text.read      0x00000000000024ce       0x68
 .text.read     0x00000000000024ce       0x68 build/default/debug/Si5351.o

.text.__printf_core
                0x0000000000002536       0x68
 .text.__printf_core
                0x0000000000002536       0x68 c:/program files/microchip/xc8/v3.10/avr/bin/../lib/gcc/avr/5.4.0/../../../../avr/lib/avr5\libc.a(__printf_core.o)
                0x0000000000002536                __printf_core

.text.OLED_Fill
                0x000000000000259e       0x62
 .text.OLED_Fill
                0x000000000000259e       0x62 build/default/debug/ssd1306.o
                0x000000000000259e                OLED_Fill

.text           0x0000000000002600       0x5e
 .text          0x0000000000002600       0x5e c:/program files/microchip/xc8/v3.10/avr/bin/../lib/gcc/avr/5.4.0/../../../../avr/lib/avr5\libm.a(fixunssfsi.o)
                0x0000000000002600                __fixunssfsi

.text.read_prec_or_width
                0x000000000000265e       0x5c
 .text.read_prec_or_width
                0x000000000000265e       0x5c c:/program files/microchip/xc8/v3.10/avr/bin/../lib/gcc/avr/5.4.0/../../../../avr/lib/avr5\libc.a(__printf_core.o)

.text.OLED_ShowString
                0x00000000000026ba       0x5a
 .text.OLED_ShowString
                0x00000000000026ba       0x5a build/default/debug/ssd1306.o
                0x00000000000026ba                OLED_ShowString

.text.__vector_28
                0x0000000000002714       0x56
 .text.__vector_28
                0x0000000000002714       0x56 build/default/debug/uart.o
                0x0000000000002714                __vector_28

.text.__fmt_s   0x000000000000276a       0x54
 .text.__fmt_s  0x000000000000276a       0x54 c:/program files/microchip/xc8/v3.10/avr/bin/../lib/gcc/avr/5.4.0/../../../../avr/lib/avr5\libc.a(__fmt_s.o)
                0x000000000000276a                __fmt_s
                0x000000000000276a                __fmt_0_needed
                0x000000000000276a                __fmt_s_needed

.text           0x00000000000027be       0x44
 .text          0x00000000000027be       0x44 c:/program files/microchip/xc8/v3.10/avr/bin/../lib/gcc/avr/5.4.0/../../../../avr/lib/avr5\libm.a(fp_split3.o)
                0x00000000000027be                __fp_split3
                0x00000000000027ce                __fp_splitA

.text.libgcc.div
                0x0000000000002802       0x44
 .text.libgcc.div
                0x0000000000002802       0x44 c:/program files/microchip/xc8/v3.10/avr/bin/../lib/gcc/avr/5.4.0/avr5\libgcc.a(_udivmodsi4.o)
                0x0000000000002802                __udivmodsi4

.text.__fmt_state
                0x0000000000002846       0x40
 .text.__fmt_state
                0x0000000000002846       0x40 c:/program files/microchip/xc8/v3.10/avr/bin/../lib/gcc/avr/5.4.0/../../../../avr/lib/avr5\libc.a(__printf_core.o)
                0x0000000000002846                __fmt_state

.text.Inputs_Init
                0x0000000000002886       0x3e
 .text.Inputs_Init
                0x0000000000002886       0x3e build/default/debug/inputs.o
                0x0000000000002886                Inputs_Init

.text.strncmp   0x00000000000028c4       0x3e
 .text.strncmp  0x00000000000028c4       0x3e c:/program files/microchip/xc8/v3.10/avr/bin/../lib/gcc/avr/5.4.0/../../../../avr/lib/avr5\libc.a(strncmp.o)
                0x00000000000028c4                strncmp

.text.__out     0x0000000000002902       0x3a
 .text.__out    0x0000000000002902       0x3a c:/program files/microchip/xc8/v3.10/avr/bin/../lib/gcc/avr/5.4.0/../../../../avr/lib/avr5\libc.a(__printf_core.o)
                0x0000000000002902                __out

.text.libgcc.prologue
                0x000000000000293c       0x38
 .text.libgcc.prologue
                0x000000000000293c       0x38 c:/program files/microchip/xc8/v3.10/avr/bin/../lib/gcc/avr/5.4.0/avr5\libgcc.a(_prologue.o)
                0x000000000000293c                __prologue_saves__

.text.Get_Draw_Mode
                0x0000000000002974       0x36
 .text.Get_Draw_Mode
                0x0000000000002974       0x36 build/default/debug/main_screen.o
                0x0000000000002974                Get_Draw_Mode

.text.libgcc.prologue
                0x00000000000029aa       0x36
 .text.libgcc.prologue
                0x00000000000029aa       0x36 c:/program files/microchip/xc8/v3.10/avr/bin/../lib/gcc/avr/5.4.0/avr5\libgcc.a(_epilogue.o)
                0x00000000000029aa                __epilogue_restores__

.text.ADC_Read  0x00000000000029e0       0x30
 .text.ADC_Read
                0x00000000000029e0       0x30 build/default/debug/inputs.o
                0x00000000000029e0                ADC_Read

.text.__vfprintf
                0x0000000000002a10       0x30
 .text.__vfprintf
                0x0000000000002a10       0x30 c:/program files/microchip/xc8/v3.10/avr/bin/../lib/gcc/avr/5.4.0/../../../../avr/lib/avr5\libc.a(__int_vfprintf.o)
                0x0000000000002a10                __vfprintf

.text.OLED_SetPos
                0x0000000000002a40       0x2e
 .text.OLED_SetPos
                0x0000000000002a40       0x2e build/default/debug/ssd1306.o
                0x0000000000002a40                OLED_SetPos

.text.twi_start
                0x0000000000002a6e       0x2a
 .text.twi_start
                0x0000000000002a6e       0x2a build/default/debug/twi.o
                0x0000000000002a6e                twi_start

.text.si5351_write_reg
                0x0000000000002a98       0x28
 .text.si5351_write_reg
                0x0000000000002a98       0x28 build/default/debug/main_screen.o
                0x0000000000002a98                si5351_write_reg

.text.twi_init  0x0000000000002ac0       0x28
 .text.twi_init
                0x0000000000002ac0       0x28 build/default/debug/twi.o
                0x0000000000002ac0                twi_init

.text.Write_Cmd
                0x0000000000002ae8       0x28
 .text.Write_Cmd
                0x0000000000002ae8       0x28 build/default/debug/ssd1306.o

.text.write     0x0000000000002b10       0x28
 .text.write    0x0000000000002b10       0x28 build/default/debug/Si5351.o

.text.__wrap_sprintf
                0x0000000000002b38       0x24
 .text.__wrap_sprintf
                0x0000000000002b38       0x24 c:/program files/microchip/xc8/v3.10/avr/bin/../lib/gcc/avr/5.4.0/../../../../avr/lib/avr5\libc.a(__sio_sprintf_dosux.o)
                0x0000000000002b38                _sprintf_cdopsuxX

.text.__wrap_sprintf
                0x0000000000002b5c       0x24
 .text.__wrap_sprintf
                0x0000000000002b5c       0x24 c:/program files/microchip/xc8/v3.10/avr/bin/../lib/gcc/avr/5.4.0/../../../../avr/lib/avr5\libc.a(__sio_sprintf_doux.o)
                0x0000000000002b5c                _sprintf_cdopuxX

.text.twi_MT_SLA_W
                0x0000000000002b80       0x22
 .text.twi_MT_SLA_W
                0x0000000000002b80       0x22 build/default/debug/twi.o
                0x0000000000002b80                twi_MT_SLA_W

.text.UART_Init
                0x0000000000002ba2       0x22
 .text.UART_Init
                0x0000000000002ba2       0x22 build/default/debug/uart.o
                0x0000000000002ba2                UART_Init

.text           0x0000000000002bc4       0x22
 .text          0x0000000000002bc4       0x22 c:/program files/microchip/xc8/v3.10/avr/bin/../lib/gcc/avr/5.4.0/../../../../avr/lib/avr5\libm.a(fp_round.o)
                0x0000000000002bc4                __fp_round

.text.Frequency_Set
                0x0000000000002be6       0x20
 .text.Frequency_Set
                0x0000000000002be6       0x20 build/default/debug/main_screen.o
                0x0000000000002be6                Frequency_Set

.text.libgcc.mul
                0x0000000000002c06       0x20
 .text.libgcc.mul
                0x0000000000002c06       0x20 c:/program files/microchip/xc8/v3.10/avr/bin/../lib/gcc/avr/5.4.0/avr5\libgcc.a(_mulsi3.o)
                0x0000000000002c06                __mulsi3

.text.twi_MR_SLA_R
                0x0000000000002c26       0x1e
 .text.twi_MR_SLA_R
                0x0000000000002c26       0x1e build/default/debug/twi.o
                0x0000000000002c26                twi_MR_SLA_R

.text.UART_SendString
                0x0000000000002c44       0x1e
 .text.UART_SendString
                0x0000000000002c44       0x1e build/default/debug/uart.o
                0x0000000000002c44                UART_SendString

.text.libgcc.mul
                0x0000000000002c62       0x1e
 .text.libgcc.mul
                0x0000000000002c62       0x1e c:/program files/microchip/xc8/v3.10/avr/bin/../lib/gcc/avr/5.4.0/avr5\libgcc.a(_umulhisi3.o)
                0x0000000000002c62                __umulhisi3

.text.strlen    0x0000000000002c80       0x1c
 .text.strlen   0x0000000000002c80       0x1c c:/program files/microchip/xc8/v3.10/avr/bin/../lib/gcc/avr/5.4.0/../../../../avr/lib/avr5\libc.a(strlen.o)
                0x0000000000002c80                strlen

.text.twi_MT_write
                0x0000000000002c9c       0x1a
 .text.twi_MT_write
                0x0000000000002c9c       0x1a build/default/debug/twi.o
                0x0000000000002c9c                twi_MT_write

.text.Frequency_Get
                0x0000000000002cb6       0x18
 .text.Frequency_Get
                0x0000000000002cb6       0x18 build/default/debug/main_screen.o
                0x0000000000002cb6                Frequency_Get

.text.twi_MR_read_NACK
                0x0000000000002cce       0x16
 .text.twi_MR_read_NACK
                0x0000000000002cce       0x16 build/default/debug/twi.o
                0x0000000000002cce                twi_MR_read_NACK

.text.ADC_Init  0x0000000000002ce4       0x16
 .text.ADC_Init
                0x0000000000002ce4       0x16 build/default/debug/inputs.o
                0x0000000000002ce4                ADC_Init

.text.libgcc.mul
                0x0000000000002cfa       0x16
 .text.libgcc.mul
                0x0000000000002cfa       0x16 c:/program files/microchip/xc8/v3.10/avr/bin/../lib/gcc/avr/5.4.0/avr5\libgcc.a(_muluhisi3.o)
                0x0000000000002cfa                __muluhisi3

.text.exit      0x0000000000002d10       0x16
 .text.exit     0x0000000000002d10       0x16 c:/program files/microchip/xc8/v3.10/avr/bin/../lib/gcc/avr/5.4.0/../../../../avr/lib/avr5\libc.a(exit.o)
                0x0000000000002d10                exit

.text.twi_repeat_start
                0x0000000000002d26       0x12
 .text.twi_repeat_start
                0x0000000000002d26       0x12 build/default/debug/twi.o
                0x0000000000002d26                twi_repeat_start

.text.toupper   0x0000000000002d38       0x12
 .text.toupper  0x0000000000002d38       0x12 c:/program files/microchip/xc8/v3.10/avr/bin/../lib/gcc/avr/5.4.0/../../../../avr/lib/avr5\libc.a(toupper.o)
                0x0000000000002d38                toupper

.text.enable_clocks
                0x0000000000002d4a       0x10
 .text.enable_clocks
                0x0000000000002d4a       0x10 build/default/debug/Si5351.o
                0x0000000000002d4a                enable_clocks

.text.UART_SendChar
                0x0000000000002d5a       0x10
 .text.UART_SendChar
                0x0000000000002d5a       0x10 build/default/debug/uart.o
                0x0000000000002d5a                UART_SendChar

.text.tolower   0x0000000000002d6a       0x10
 .text.tolower  0x0000000000002d6a       0x10 c:/program files/microchip/xc8/v3.10/avr/bin/../lib/gcc/avr/5.4.0/../../../../avr/lib/avr5\libc.a(tolower.o)
                0x0000000000002d6a                tolower

.text           0x0000000000002d7a        0xe
 .text          0x0000000000002d7a        0xe c:/program files/microchip/xc8/v3.10/avr/bin/../lib/gcc/avr/5.4.0/../../../../avr/lib/avr5\libm.a(addsf3.o)
                0x0000000000002d7a                __subsf3
                0x0000000000002d7c                __addsf3

.text           0x0000000000002d88        0xe
 .text          0x0000000000002d88        0xe c:/program files/microchip/xc8/v3.10/avr/bin/../lib/gcc/avr/5.4.0/../../../../avr/lib/avr5\libm.a(fp_pscA.o)
                0x0000000000002d88                __fp_pscA

.text           0x0000000000002d96        0xe
 .text          0x0000000000002d96        0xe c:/program files/microchip/xc8/v3.10/avr/bin/../lib/gcc/avr/5.4.0/../../../../avr/lib/avr5\libm.a(fp_pscB.o)
                0x0000000000002d96                __fp_pscB

.text           0x0000000000002da4        0xe
 .text          0x0000000000002da4        0xe c:/program files/microchip/xc8/v3.10/avr/bin/../lib/gcc/avr/5.4.0/../../../../avr/lib/avr5\libm.a(fp_zero.o)
                0x0000000000002da4                __fp_zero
                0x0000000000002da6                __fp_szero

.text.__vsprintf
                0x0000000000002db2        0xe
 .text.__vsprintf
                0x0000000000002db2        0xe c:/program files/microchip/xc8/v3.10/avr/bin/../lib/gcc/avr/5.4.0/../../../../avr/lib/avr5\libc.a(__int_vsprintf.o)
                0x0000000000002db2                __vsprintf

.text           0x0000000000002dc0        0xc
 .text          0x0000000000002dc0        0xc c:/program files/microchip/xc8/v3.10/avr/bin/../lib/gcc/avr/5.4.0/../../../../avr/lib/avr5\libm.a(fp_inf.o)
                0x0000000000002dc0                __fp_inf

.text.libgcc    0x0000000000002dcc        0xc
 .text.libgcc   0x0000000000002dcc        0xc c:/program files/microchip/xc8/v3.10/avr/bin/../lib/gcc/avr/5.4.0/avr5\libgcc.a(_tablejump2.o)
                0x0000000000002dcc                __tablejump2__

.text.twi_stop  0x0000000000002dd8        0x8
 .text.twi_stop
                0x0000000000002dd8        0x8 build/default/debug/twi.o
                0x0000000000002dd8                twi_stop

.text.OLED_Clear
                0x0000000000002de0        0x8
 .text.OLED_Clear
                0x0000000000002de0        0x8 build/default/debug/ssd1306.o
                0x0000000000002de0                OLED_Clear

.text           0x0000000000002de8        0x8
 .text          0x0000000000002de8        0x8 c:/program files/microchip/xc8/v3.10/avr/bin/../lib/gcc/avr/5.4.0/../../../../avr/lib/avr5\libm.a(divsf3.o)
                0x0000000000002de8                __divsf3

.text           0x0000000000002df0        0x8
 .text          0x0000000000002df0        0x8 c:/program files/microchip/xc8/v3.10/avr/bin/../lib/gcc/avr/5.4.0/../../../../avr/lib/avr5\libm.a(mulsf3.o)
                0x0000000000002df0                __mulsf3

.text           0x0000000000002df8        0x6
 .text          0x0000000000002df8        0x6 c:/program files/microchip/xc8/v3.10/avr/bin/../lib/gcc/avr/5.4.0/../../../../avr/lib/avr5\libm.a(fp_nan.o)
                0x0000000000002df8                __fp_nan

.text           0x0000000000002dfe        0x4
 .text          0x0000000000002dfe        0x4 C:/Program Files/Microchip/MPLABX/v6.30/packs/Microchip/ATmega_DFP/3.5.296/xc8/avr/lib/avr5/crtatmega324pb.o
                0x0000000000002dfe                __vector_38
                0x0000000000002dfe                __vector_22
                0x0000000000002dfe                __vector_1
                0x0000000000002dfe                __vector_32
                0x0000000000002dfe                __vector_34
                0x0000000000002dfe                __vector_24
                0x0000000000002dfe                __vector_12
                0x0000000000002dfe                __vector_46
                0x0000000000002dfe                __bad_interrupt
                0x0000000000002dfe                __vector_6
                0x0000000000002dfe                __vector_31
                0x0000000000002dfe                __vector_35
                0x0000000000002dfe                __vector_39
                0x0000000000002dfe                __vector_3
                0x0000000000002dfe                __vector_23
                0x0000000000002dfe                __vector_30
                0x0000000000002dfe                __vector_45
                0x0000000000002dfe                __vector_25
                0x0000000000002dfe                __vector_11
                0x0000000000002dfe                __vector_13
                0x0000000000002dfe                __vector_17
                0x0000000000002dfe                __vector_19
                0x0000000000002dfe                __vector_7
                0x0000000000002dfe                __vector_49
                0x0000000000002dfe                __vector_41
                0x0000000000002dfe                __vector_43
                0x0000000000002dfe                __vector_27
                0x0000000000002dfe                __vector_5
                0x0000000000002dfe                __vector_33
                0x0000000000002dfe                __vector_47
                0x0000000000002dfe                __vector_37
                0x0000000000002dfe                __vector_4
                0x0000000000002dfe                __vector_44
                0x0000000000002dfe                __vector_9
                0x0000000000002dfe                __vector_2
                0x0000000000002dfe                __vector_21
                0x0000000000002dfe                __vector_15
                0x0000000000002dfe                __vector_36
                0x0000000000002dfe                __vector_29
                0x0000000000002dfe                __vector_40
                0x0000000000002dfe                __vector_8
                0x0000000000002dfe                __vector_26
                0x0000000000002dfe                __vector_48
                0x0000000000002dfe                __vector_14
                0x0000000000002dfe                __vector_10
                0x0000000000002dfe                __vector_50
                0x0000000000002dfe                __vector_16
                0x0000000000002dfe                __vector_18
                0x0000000000002dfe                __vector_20
                0x0000000000002dfe                __vector_42

.text._Exit     0x0000000000002e02        0x4
 .text._Exit    0x0000000000002e02        0x4 c:/program files/microchip/xc8/v3.10/avr/bin/../lib/gcc/avr/5.4.0/../../../../avr/lib/avr5\libc.a(_Exit.o)
                0x0000000000002e02                _Exit

.text.__dummy_fini
                0x0000000000002e06        0x2
 .text.__dummy_fini
                0x0000000000002e06        0x2 c:/program files/microchip/xc8/v3.10/avr/bin/../lib/gcc/avr/5.4.0/../../../../avr/lib/avr5\libc.a(exit.o)
                0x0000000000002e06                _fini

.text.__dummy_funcs_on_exit
                0x0000000000002e08        0x2
 .text.__dummy_funcs_on_exit
                0x0000000000002e08        0x2 c:/program files/microchip/xc8/v3.10/avr/bin/../lib/gcc/avr/5.4.0/../../../../avr/lib/avr5\libc.a(exit.o)
                0x0000000000002e08                __funcs_on_exit

.text.__dummy_simulator_exit
                0x0000000000002e0a        0x2
 .text.__dummy_simulator_exit
                0x0000000000002e0a        0x2 c:/program files/microchip/xc8/v3.10/avr/bin/../lib/gcc/avr/5.4.0/../../../../avr/lib/avr5\libc.a(exit.o)
                0x0000000000002e0a                __simulator_exit

.rodata.F6x8    0x0000000000800102      0x23a load address 0x0000000000002e0c
 .rodata.F6x8   0x0000000000800102      0x23a build/default/debug/ssd1306.o
                0x0000000000800102                F6x8

.rodata         0x000000000080033c      0x166 load address 0x0000000000003046
 .rodata        0x000000000080033c      0x166 build/default/debug/main_screen.o

.rodata.digit_multipliers
                0x00000000008004e2       0x20 load address 0x00000000000031ac
 .rodata.digit_multipliers
                0x00000000008004e2       0x20 build/default/debug/main_screen.o
                0x00000000008004e2                digit_multipliers

.rodata.state_table
                0x0000000000800502       0x16 load address 0x00000000000031cc
 .rodata.state_table
                0x0000000000800502       0x16 c:/program files/microchip/xc8/v3.10/avr/bin/../lib/gcc/avr/5.4.0/../../../../avr/lib/avr5\libc.a(__printf_core.o)

.rodata.enc_table.1979
                0x0000000000800518       0x10 load address 0x00000000000031e2
 .rodata.enc_table.1979
                0x0000000000800518       0x10 build/default/debug/inputs.o

.rodata.char_pos_map
                0x0000000000800534        0x8 load address 0x00000000000031f2
 .rodata.char_pos_map
                0x0000000000800534        0x8 build/default/debug/main_screen.o
                0x0000000000800534                char_pos_map

.rodata.nuls.2781
                0x000000000080053c        0x7 load address 0x00000000000031fa
 .rodata.nuls.2781
                0x000000000080053c        0x7 c:/program files/microchip/xc8/v3.10/avr/bin/../lib/gcc/avr/5.4.0/../../../../avr/lib/avr5\libc.a(__fmt_s.o)

.rodata.nilstr.2962
                0x0000000000800543        0x6 load address 0x0000000000003201
 .rodata.nilstr.2962
                0x0000000000800543        0x6 c:/program files/microchip/xc8/v3.10/avr/bin/../lib/gcc/avr/5.4.0/../../../../avr/lib/avr5\libc.a(__printf_core.o)

.data.current_freq
                0x0000000000800549        0x4 load address 0x0000000000003207
 .data.current_freq
                0x0000000000800549        0x4 build/default/debug/main_screen.o

.data.vfo_b_freq
                0x000000000080054d        0x4 load address 0x000000000000320b
 .data.vfo_b_freq
                0x000000000080054d        0x4 build/default/debug/main_screen.o
                0x000000000080054d                vfo_b_freq

.data.blink_state
                0x0000000000800553        0x1 load address 0x000000000000320f
 .data.blink_state
                0x0000000000800553        0x1 build/default/debug/main_screen.o
                0x0000000000800553                blink_state

.data.freq_digit_idx
                0x0000000000800554        0x1 load address 0x0000000000003210
 .data.freq_digit_idx
                0x0000000000800554        0x1 build/default/debug/main_screen.o
                0x0000000000800554                freq_digit_idx

.data.enc_prev_state
                0x000000000080055a        0x1 load address 0x0000000000003211
 .data.enc_prev_state
                0x000000000080055a        0x1 build/default/debug/inputs.o
