Archive member included to satisfy reference by file (symbol)

c:/program files/microchip/xc8/v3.10/avr/bin/../lib/gcc/avr/5.4.0/../../../../avr/lib/avr5\libm.a(addsf3.o)
                              build/default/production/Si5351.o (__subsf3)
c:/program files/microchip/xc8/v3.10/avr/bin/../lib/gcc/avr/5.4.0/../../../../avr/lib/avr5\libm.a(addsf3x.o)
                              c:/program files/microchip/xc8/v3.10/avr/bin/../lib/gcc/avr/5.4.0/../../../../avr/lib/avr5\libm.a(addsf3.o) (__addsf3x)
c:/program files/microchip/xc8/v3.10/avr/bin/../lib/gcc/avr/5.4.0/../../../../avr/lib/avr5\libm.a(divsf3.o)
                              build/default/production/Si5351.o (__divsf3)
c:/program files/microchip/xc8/v3.10/avr/bin/../lib/gcc/avr/5.4.0/../../../../avr/lib/avr5\libm.a(divsf3x.o)
                              c:/program files/microchip/xc8/v3.10/avr/bin/../lib/gcc/avr/5.4.0/../../../../avr/lib/avr5\libm.a(divsf3.o) (__divsf3x)
c:/program files/microchip/xc8/v3.10/avr/bin/../lib/gcc/avr/5.4.0/../../../../avr/lib/avr5\libm.a(fixunssfsi.o)
                              build/default/production/Si5351.o (__fixunssfsi)
c:/program files/microchip/xc8/v3.10/avr/bin/../lib/gcc/avr/5.4.0/../../../../avr/lib/avr5\libm.a(floatsisf.o)
                              build/default/production/Si5351.o (__floatunsisf)
c:/program files/microchip/xc8/v3.10/avr/bin/../lib/gcc/avr/5.4.0/../../../../avr/lib/avr5\libm.a(floorf.o)
                              build/default/production/Si5351.o (floorf)
c:/program files/microchip/xc8/v3.10/avr/bin/../lib/gcc/avr/5.4.0/../../../../avr/lib/avr5\libm.a(fp_inf.o)
                              c:/program files/microchip/xc8/v3.10/avr/bin/../lib/gcc/avr/5.4.0/../../../../avr/lib/avr5\libm.a(addsf3x.o) (__fp_inf)
c:/program files/microchip/xc8/v3.10/avr/bin/../lib/gcc/avr/5.4.0/../../../../avr/lib/avr5\libm.a(fp_nan.o)
                              c:/program files/microchip/xc8/v3.10/avr/bin/../lib/gcc/avr/5.4.0/../../../../avr/lib/avr5\libm.a(addsf3x.o) (__fp_nan)
c:/program files/microchip/xc8/v3.10/avr/bin/../lib/gcc/avr/5.4.0/../../../../avr/lib/avr5\libm.a(fp_pscA.o)
                              c:/program files/microchip/xc8/v3.10/avr/bin/../lib/gcc/avr/5.4.0/../../../../avr/lib/avr5\libm.a(addsf3x.o) (__fp_pscA)
c:/program files/microchip/xc8/v3.10/avr/bin/../lib/gcc/avr/5.4.0/../../../../avr/lib/avr5\libm.a(fp_pscB.o)
                              c:/program files/microchip/xc8/v3.10/avr/bin/../lib/gcc/avr/5.4.0/../../../../avr/lib/avr5\libm.a(addsf3x.o) (__fp_pscB)
c:/program files/microchip/xc8/v3.10/avr/bin/../lib/gcc/avr/5.4.0/../../../../avr/lib/avr5\libm.a(fp_round.o)
                              c:/program files/microchip/xc8/v3.10/avr/bin/../lib/gcc/avr/5.4.0/../../../../avr/lib/avr5\libm.a(addsf3.o) (__fp_round)
c:/program files/microchip/xc8/v3.10/avr/bin/../lib/gcc/avr/5.4.0/../../../../avr/lib/avr5\libm.a(fp_split3.o)
                              c:/program files/microchip/xc8/v3.10/avr/bin/../lib/gcc/avr/5.4.0/../../../../avr/lib/avr5\libm.a(addsf3x.o) (__fp_split3)
c:/program files/microchip/xc8/v3.10/avr/bin/../lib/gcc/avr/5.4.0/../../../../avr/lib/avr5\libm.a(fp_zero.o)
                              c:/program files/microchip/xc8/v3.10/avr/bin/../lib/gcc/avr/5.4.0/../../../../avr/lib/avr5\libm.a(addsf3x.o) (__fp_zero)
c:/program files/microchip/xc8/v3.10/avr/bin/../lib/gcc/avr/5.4.0/../../../../avr/lib/avr5\libm.a(mulsf3.o)
                              build/default/production/Si5351.o (__mulsf3)
c:/program files/microchip/xc8/v3.10/avr/bin/../lib/gcc/avr/5.4.0/../../../../avr/lib/avr5\libm.a(mulsf3x.o)
                              c:/program files/microchip/xc8/v3.10/avr/bin/../lib/gcc/avr/5.4.0/../../../../avr/lib/avr5\libm.a(mulsf3.o) (__mulsf3x)
c:/program files/microchip/xc8/v3.10/avr/bin/../lib/gcc/avr/5.4.0/avr5\libgcc.a(_mulsi3.o)
                              build/default/production/main_screen.o (__mulsi3)
c:/program files/microchip/xc8/v3.10/avr/bin/../lib/gcc/avr/5.4.0/avr5\libgcc.a(_udivmodsi4.o)
                              build/default/production/main_screen.o (__udivmodsi4)
c:/program files/microchip/xc8/v3.10/avr/bin/../lib/gcc/avr/5.4.0/avr5\libgcc.a(_tablejump2.o)
                              build/default/production/main_screen.o (__tablejump2__)
c:/program files/microchip/xc8/v3.10/avr/bin/../lib/gcc/avr/5.4.0/avr5\libgcc.a(_copy_data.o)
                              build/default/production/main_screen.o (__do_copy_data)
c:/program files/microchip/xc8/v3.10/avr/bin/../lib/gcc/avr/5.4.0/avr5\libgcc.a(_muluhisi3.o)
                              c:/program files/microchip/xc8/v3.10/avr/bin/../lib/gcc/avr/5.4.0/avr5\libgcc.a(_mulsi3.o) (__muluhisi3)
c:/program files/microchip/xc8/v3.10/avr/bin/../lib/gcc/avr/5.4.0/avr5\libgcc.a(_umulhisi3.o)
                              c:/program files/microchip/xc8/v3.10/avr/bin/../lib/gcc/avr/5.4.0/avr5\libgcc.a(_muluhisi3.o) (__umulhisi3)
[...]
Memory Configuration

Name             Origin             Length             Attributes
text             0x0000000000000000 0x0000000000008000 xr
data             0x0000000000800100 0x0000000000000800 rw !x
eeprom           0x0000000000810000 0x0000000000000400 rw !x
fuse             0x0000000000820000 0x0000000000000003 rw !x
lock             0x0000000000830000 0x0000000000000400 rw !x
signature        0x0000000000840000 0x0000000000000400 rw !x
user_signatures  0x0000000000850000 0x0000000000000400 rw !x
bootrow          0x0000000000860000 0x0000000000000400 rw !x
*default*        0x0000000000000000 0xffffffffffffffff

Linker script and memory map

Address of section .data set to 0x800100
LOAD D:/apps/MPLAB/packs/Microchip/ATmega_DFP/3.5.296/xc8/avr/lib/avr5/crtatmega324pb.o
                0x0000000000000001                __MPLAB_BUILD = 0x1
LOAD build/default/production/main_screen.o
LOAD build/default/production/twi.o
LOAD build/default/production/ssd1306.o
LOAD build/default/production/inputs.o
LOAD build/default/production/Si5351.o
START GROUP
LOAD c:/program files/microchip/xc8/v3.10/avr/bin/../lib/gcc/avr/5.4.0/../../../../avr/lib/avr5\libm.a
END GROUP
START GROUP
LOAD c:/program files/microchip/xc8/v3.10/avr/bin/../lib/gcc/avr/5.4.0/avr5\libgcc.a
LOAD c:/program files/microchip/xc8/v3.10/avr/bin/../lib/gcc/avr/5.4.0/../../../../avr/lib/avr5\libm.a
LOAD c:/program files/microchip/xc8/v3.10/avr/bin/../lib/gcc/avr/5.4.0/../../../../avr/lib/avr5\libc.a
LOAD D:/apps/MPLAB/packs/Microchip/ATmega_DFP/3.5.296/xc8/avr/lib/avr5\libatmega324pb.a
END GROUP
                [0x0000000000000000]                __TEXT_REGION_ORIGIN__ = DEFINED (__TEXT_REGION_ORIGIN__)?__TEXT_REGION_ORIGIN__:0x0
                [0x0000000000800100]                __DATA_REGION_ORIGIN__ = DEFINED (__DATA_REGION_ORIGIN__)?__DATA_REGION_ORIGIN__:0x800060
                [0x0000000000008000]                __TEXT_REGION_LENGTH__ = DEFINED (__TEXT_REGION_LENGTH__)?__TEXT_REGION_LENGTH__:0x20000
                [0x0000000000000800]                __DATA_REGION_LENGTH__ = DEFINED (__DATA_REGION_LENGTH__)?__DATA_REGION_LENGTH__:0xffa0
                [0x0000000000000400]                __EEPROM_REGION_LENGTH__ = DEFINED (__EEPROM_REGION_LENGTH__)?__EEPROM_REGION_LENGTH__:0x10000
                [0x0000000000000003]                __FUSE_REGION_LENGTH__ = DEFINED (__FUSE_REGION_LENGTH__)?__FUSE_REGION_LENGTH__:0x400
                0x0000000000000400                __LOCK_REGION_LENGTH__ = DEFINED (__LOCK_REGION_LENGTH__)?__LOCK_REGION_LENGTH__:0x400
                0x0000000000000400                __SIGNATURE_REGION_LENGTH__ = DEFINED (__SIGNATURE_REGION_LENGTH__)?__SIGNATURE_REGION_LENGTH__:0x400
                0x0000000000000400                __USER_SIGNATURE_REGION_LENGTH__ = DEFINED (__USER_SIGNATURE_REGION_LENGTH__)?__USER_SIGNATURE_REGION_LENGTH__:0x400
                0x0000000000000400                __BOOTROW_REGION_LENGTH__ = DEFINED (__BOOTROW_REGION_LENGTH__)?__BOOTROW_REGION_LENGTH__:0x400

.hash
 *(.hash)

.dynsym
 *(.dynsym)

.dynstr
 *(.dynstr)

.gnu.version
 *(.gnu.version)

.gnu.version_d
 *(.gnu.version_d)

.gnu.version_r
 *(.gnu.version_r)

.rel.init
 *(.rel.init)

.rela.init
 *(.rela.init)

.rel.text
 *(.rel.text)
 *(.rel.text.*)
 *(.rel.gnu.linkonce.t*)

.rela.text
 *(.rela.text)
 *(.rela.text.*)
 *(.rela.gnu.linkonce.t*)

.rel.fini
 *(.rel.fini)

.rela.fini
 *(.rela.fini)

.rel.rodata
 *(.rel.rodata)
 *(.rel.rodata.*)
 *(.rel.gnu.linkonce.r*)

.rela.rodata
 *(.rela.rodata)
 *(.rela.rodata.*)
 *(.rela.gnu.linkonce.r*)

.rel.data
 *(.rel.data)
 *(.rel.data.*)
 *(.rel.gnu.linkonce.d*)

.rela.data
 *(.rela.data)
 *(.rela.data.*)
 *(.rela.gnu.linkonce.d*)

.rel.ctors
 *(.rel.ctors)

.rela.ctors
 *(.rela.ctors)

.rel.dtors
 *(.rel.dtors)

.rela.dtors
 *(.rela.dtors)

.rel.got
 *(.rel.got)

.rela.got
 *(.rela.got)

.rel.bss
 *(.rel.bss)

.rela.bss
 *(.rela.bss)

.rel.plt
 *(.rel.plt)

.rela.plt
 *(.rela.plt)

.text           0x0000000000000000      0x160
 *(.vectors)
 .vectors       0x0000000000000000       0xcc D:/apps/MPLAB/packs/Microchip/ATmega_DFP/3.5.296/xc8/avr/lib/avr5/crtatmega324pb.o
                0x0000000000000000                __vector_default
                0x0000000000000000                __vectors
 *(.vectors)
 *(.progmem.gcc*)
 .progmem.gcc_sw_table.Update_Left_Screen
                0x00000000000000cc       0x10 build/default/production/main_screen.o
 *(.dinit)
 .dinit         0x00000000000000dc       0x30 data_init
                0x000000000000010c                . = ALIGN (0x2)
                0x000000000000010c                __trampolines_start = .
 *(.trampolines)
 .trampolines   0x000000000000010c        0x0 linker stubs
 *(.trampolines*)
                0x000000000000010c                __trampolines_end = .
 *libprintf_flt.a:*(.progmem.data)
 *libc.a:*(.progmem.data)
                0x000000000000010c                . = ALIGN (0x2)
 *(.jumptables)
 *(.jumptables*)
 *(.lowtext)
 *(.lowtext*)
                0x000000000000010c                __ctors_start = .
 *(.ctors)
                0x000000000000010c                __ctors_end = .
                0x000000000000010c                __dtors_start = .
 *(.dtors)
                0x000000000000010c                __dtors_end = .
 SORT(*)(.ctors)
 SORT(*)(.dtors)
 *(.init0)
 .init0         0x000000000000010c        0x0 D:/apps/MPLAB/packs/Microchip/ATmega_DFP/3.5.296/xc8/avr/lib/avr5/crtatmega324pb.o
                0x000000000000010c                __init
 *(.init0)
 *(.init1)
 *(.init1)
 *(.init2)
 .init2         0x000000000000010c        0xc D:/apps/MPLAB/packs/Microchip/ATmega_DFP/3.5.296/xc8/avr/lib/avr5/crtatmega324pb.o
 *(.init2)
 *(.init3)
 *(.init3)
 *(.init4)
 .init4         0x0000000000000118       0x3c c:/program files/microchip/xc8/v3.10/avr/bin/../lib/gcc/avr/5.4.0/avr5\libgcc.a(_copy_data.o)
                0x0000000000000118                __do_copy_data
                0x0000000000000146                __do_clear_bss
 *(.init4)
 *(.init5)
 *(.init5)
 *(.init6)
 *(.init6)
 *(.init7)
 *(.init7)
 *(.init8)
 *(.init8)
 *(.init9)
 .init9         0x0000000000000154        0x8 D:/apps/MPLAB/packs/Microchip/ATmega_DFP/3.5.296/xc8/avr/lib/avr5/crtatmega324pb.o
 *(.init9)
                0x000000000000015c                . = ALIGN (0x2)
 *(.fini9)
 .fini9         0x000000000000015c        0x0 c:/program files/microchip/xc8/v3.10/avr/bin/../lib/gcc/avr/5.4.0/avr5\libgcc.a(_exit.o)
                0x000000000000015c                _exit
 *(.fini9)
 *(.fini8)
 *(.fini8)
 *(.fini7)
 *(.fini7)
 *(.fini6)
 *(.fini6)
 *(.fini5)
 *(.fini5)
 *(.fini4)
 *(.fini4)
 *(.fini3)
 *(.fini3)
 *(.fini2)
 *(.fini2)
 *(.fini1)
 *(.fini1)
 *(.fini0)
 .fini0         0x000000000000015c        0x4 c:/program files/microchip/xc8/v3.10/avr/bin/../lib/gcc/avr/5.4.0/avr5\libgcc.a(_exit.o)
 *(.fini0)
                0x0000000000000160                _etext = .

.data           0x0000000000800100        0x0 load address 0x0000000000000160
                [!provide]                        PROVIDE (__data_start, .)
 *(.gnu.linkonce.d*)
 *(.gnu.linkonce.r*)
                0x0000000000800100                . = ALIGN (0x2)
                0x0000000000800100                _edata = .
                [!provide]                        PROVIDE (__data_end, .)

.bss            0x0000000000800100        0x2
                [!provide]                        PROVIDE (__bss_start, .)
 *(COMMON)
 COMMON         0x0000000000800100        0x2 c:/program files/microchip/xc8/v3.10/avr/bin/../lib/gcc/avr/5.4.0/../../../../avr/lib/avr5\libc.a(errno.o)
                0x0000000000800100                __errno_val
                [!provide]                        PROVIDE (__bss_end, .)
                0x0000000000000160                __data_load_start = LOADADDR (.data)
                0x0000000000000160                __data_load_end = (__data_load_start + SIZEOF (.data))

.noinit         0x0000000000800102        0x0
                [!provide]                        PROVIDE (__noinit_start, .)
 *(.noinit*)
                [!provide]                        PROVIDE (__noinit_end, .)
                0x0000000000800102                _end = .

.eeprom         0x0000000000810000        0x0
 *(.eeprom*)
                0x0000000000810000                __eeprom_end = .

.fuse
 *(.fuse)
 *(.lfuse)
 *(.hfuse)
 *(.efuse)

.lock
 *(.lock*)

.signature
 *(.signature*)

.user_signatures
 *(.user_signatures*)

.bootrow
 *(.bootrow*)

.stab
 *(.stab)

.stabstr
 *(.stabstr)

.stab.excl
 *(.stab.excl)

.stab.exclstr
 *(.stab.exclstr)

.stab.index
 *(.stab.index)

.stab.indexstr
 *(.stab.indexstr)

.comment        0x0000000000000000       0x5b
 *(.comment)
 .comment       0x0000000000000000       0x2f build/default/production/main_screen.o
                                         0x30 (size before relaxing)
 .comment       0x000000000000002f       0x30 build/default/production/twi.o
 .comment       0x000000000000002f       0x30 build/default/production/ssd1306.o
 .comment       0x000000000000002f       0x30 build/default/production/inputs.o
 .comment       0x000000000000002f       0x30 build/default/production/Si5351.o
 .comment       0x000000000000002f       0x2c c:/program files/microchip/xc8/v3.10/avr/bin/../lib/gcc/avr/5.4.0/../../../../avr/lib/avr5\libm.a(floorf.o)
                                         0x2d (size before relaxing)
 .comment       0x000000000000005b       0x2d c:/program files/microchip/xc8/v3.10/avr/bin/../lib/gcc/avr/5.4.0/../../../../avr/lib/avr5\libc.a(exit.o)
 .comment       0x000000000000005b       0x2d c:/program files/microchip/xc8/v3.10/avr/bin/../lib/gcc/avr/5.4.0/../../../../avr/lib/avr5\libc.a(__sio_sprintf_dosux.o)
 .comment       0x000000000000005b       0x2d c:/program files/microchip/xc8/v3.10/avr/bin/../lib/gcc/avr/5.4.0/../../../../avr/lib/avr5\libc.a(__sio_sprintf_doux.o)
 .comment       0x000000000000005b       0x2d c:/program files/microchip/xc8/v3.10/avr/bin/../lib/gcc/avr/5.4.0/../../../../avr/lib/avr5\libc.a(__fmt_d.o)
 .comment       0x000000000000005b       0x2d c:/program files/microchip/xc8/v3.10/avr/bin/../lib/gcc/avr/5.4.0/../../../../avr/lib/avr5\libc.a(__fmt_o.o)
 .comment       0x000000000000005b       0x2d c:/program files/microchip/xc8/v3.10/avr/bin/../lib/gcc/avr/5.4.0/../../../../avr/lib/avr5\libc.a(__fmt_s.o)
 .comment       0x000000000000005b       0x2d c:/program files/microchip/xc8/v3.10/avr/bin/../lib/gcc/avr/5.4.0/../../../../avr/lib/avr5\libc.a(__fmt_u.o)
 .comment       0x000000000000005b       0x2d c:/program files/microchip/xc8/v3.10/avr/bin/../lib/gcc/avr/5.4.0/../../../../avr/lib/avr5\libc.a(__fmt_x.o)
 .comment       0x000000000000005b       0x2d c:/program files/microchip/xc8/v3.10/avr/bin/../lib/gcc/avr/5.4.0/../../../../avr/lib/avr5\libc.a(__pop_int.o)
 .comment       0x000000000000005b       0x2d c:/program files/microchip/xc8/v3.10/avr/bin/../lib/gcc/avr/5.4.0/../../../../avr/lib/avr5\libc.a(__printf_core.o)
 .comment       0x000000000000005b       0x2d c:/program files/microchip/xc8/v3.10/avr/bin/../lib/gcc/avr/5.4.0/../../../../avr/lib/avr5\libc.a(fputc.o)
 .comment       0x000000000000005b       0x2d c:/program files/microchip/xc8/v3.10/avr/bin/../lib/gcc/avr/5.4.0/../../../../avr/lib/avr5\libc.a(strlen.o)
 .comment       0x000000000000005b       0x2d c:/program files/microchip/xc8/v3.10/avr/bin/../lib/gcc/avr/5.4.0/../../../../avr/lib/avr5\libc.a(tolower.o)
 .comment       0x000000000000005b       0x2d c:/program files/microchip/xc8/v3.10/avr/bin/../lib/gcc/avr/5.4.0/../../../../avr/lib/avr5\libc.a(toupper.o)
 .comment       0x000000000000005b       0x2d c:/program files/microchip/xc8/v3.10/avr/bin/../lib/gcc/avr/5.4.0/../../../../avr/lib/avr5\libc.a(errno.o)
 .comment       0x000000000000005b       0x2d c:/program files/microchip/xc8/v3.10/avr/bin/../lib/gcc/avr/5.4.0/../../../../avr/lib/avr5\libc.a(_Exit.o)
 .comment       0x000000000000005b       0x2d c:/program files/microchip/xc8/v3.10/avr/bin/../lib/gcc/avr/5.4.0/../../../../avr/lib/avr5\libc.a(__int_vsprintf.o)
 .comment       0x000000000000005b       0x2d c:/program files/microchip/xc8/v3.10/avr/bin/../lib/gcc/avr/5.4.0/../../../../avr/lib/avr5\libc.a(__int_vsnprintf.o)
 .comment       0x000000000000005b       0x2d c:/program files/microchip/xc8/v3.10/avr/bin/../lib/gcc/avr/5.4.0/../../../../avr/lib/avr5\libc.a(__int_vfprintf.o)

.stack.descriptors.hdr
                0x0000000000000000      0x23e
 .stack.descriptors.hdr
                0x0000000000000000        0xe c:/program files/microchip/xc8/v3.10/avr/bin/../lib/gcc/avr/5.4.0/../../../../avr/lib/avr5\libm.a(addsf3.o)
 .stack.descriptors.hdr
                0x000000000000000e        0xe c:/program files/microchip/xc8/v3.10/avr/bin/../lib/gcc/avr/5.4.0/../../../../avr/lib/avr5\libm.a(addsf3x.o)
 .stack.descriptors.hdr
                0x000000000000001c        0xe c:/program files/microchip/xc8/v3.10/avr/bin/../lib/gcc/avr/5.4.0/../../../../avr/lib/avr5\libm.a(divsf3.o)
 .stack.descriptors.hdr
                0x000000000000002a        0xe c:/program files/microchip/xc8/v3.10/avr/bin/../lib/gcc/avr/5.4.0/../../../../avr/lib/avr5\libm.a(divsf3x.o)
 .stack.descriptors.hdr
                0x0000000000000038        0xe c:/program files/microchip/xc8/v3.10/avr/bin/../lib/gcc/avr/5.4.0/../../../../avr/lib/avr5\libm.a(fixunssfsi.o)
 .stack.descriptors.hdr
                0x0000000000000046        0xe c:/program files/microchip/xc8/v3.10/avr/bin/../lib/gcc/avr/5.4.0/../../../../avr/lib/avr5\libm.a(floatsisf.o)
 .stack.descriptors.hdr
                0x0000000000000054        0xe c:/program files/microchip/xc8/v3.10/avr/bin/../lib/gcc/avr/5.4.0/../../../../avr/lib/avr5\libm.a(floorf.o)
 .stack.descriptors.hdr
                0x0000000000000062        0xe c:/program files/microchip/xc8/v3.10/avr/bin/../lib/gcc/avr/5.4.0/../../../../avr/lib/avr5\libm.a(fp_inf.o)
 .stack.descriptors.hdr
                0x0000000000000070        0xe c:/program files/microchip/xc8/v3.10/avr/bin/../lib/gcc/avr/5.4.0/../../../../avr/lib/avr5\libm.a(fp_nan.o)
 .stack.descriptors.hdr
                0x000000000000007e        0xe c:/program files/microchip/xc8/v3.10/avr/bin/../lib/gcc/avr/5.4.0/../../../../avr/lib/avr5\libm.a(fp_pscA.o)
 .stack.descriptors.hdr
                0x000000000000008c        0xe c:/program files/microchip/xc8/v3.10/avr/bin/../lib/gcc/avr/5.4.0/../../../../avr/lib/avr5\libm.a(fp_pscB.o)
 .stack.descriptors.hdr
                0x000000000000009a        0xe c:/program files/microchip/xc8/v3.10/avr/bin/../lib/gcc/avr/5.4.0/../../../../avr/lib/avr5\libm.a(fp_round.o)
 .stack.descriptors.hdr
                0x00000000000000a8        0xe c:/program files/microchip/xc8/v3.10/avr/bin/../lib/gcc/avr/5.4.0/../../../../avr/lib/avr5\libm.a(fp_split3.o)
 .stack.descriptors.hdr
                0x00000000000000b6        0xe c:/program files/microchip/xc8/v3.10/avr/bin/../lib/gcc/avr/5.4.0/../../../../avr/lib/avr5\libm.a(fp_zero.o)
 .stack.descriptors.hdr
                0x00000000000000c4        0xe c:/program files/microchip/xc8/v3.10/avr/bin/../lib/gcc/avr/5.4.0/../../../../avr/lib/avr5\libm.a(mulsf3.o)
 .stack.descriptors.hdr
                0x00000000000000d2        0xe c:/program files/microchip/xc8/v3.10/avr/bin/../lib/gcc/avr/5.4.0/../../../../avr/lib/avr5\libm.a(mulsf3x.o)
 .stack.descriptors.hdr
                0x00000000000000e0        0xe c:/program files/microchip/xc8/v3.10/avr/bin/../lib/gcc/avr/5.4.0/avr5\libgcc.a(_mulsi3.o)
 .stack.descriptors.hdr
                0x00000000000000ee        0xe c:/program files/microchip/xc8/v3.10/avr/bin/../lib/gcc/avr/5.4.0/avr5\libgcc.a(_udivmodsi4.o)
 .stack.descriptors.hdr
                0x00000000000000fc        0xe c:/program files/microchip/xc8/v3.10/avr/bin/../lib/gcc/avr/5.4.0/avr5\libgcc.a(_tablejump2.o)
 .stack.descriptors.hdr
                0x000000000000010a        0xe c:/program files/microchip/xc8/v3.10/avr/bin/../lib/gcc/avr/5.4.0/avr5\libgcc.a(_muluhisi3.o)
 .stack.descriptors.hdr
                0x0000000000000118        0xe c:/program files/microchip/xc8/v3.10/avr/bin/../lib/gcc/avr/5.4.0/avr5\libgcc.a(_umulhisi3.o)
 .stack.descriptors.hdr
                0x0000000000000126        0xe c:/program files/microchip/xc8/v3.10/avr/bin/../lib/gcc/avr/5.4.0/../../../../avr/lib/avr5\libc.a(exit.o)
 .stack.descriptors.hdr
                0x0000000000000134        0xe c:/program files/microchip/xc8/v3.10/avr/bin/../lib/gcc/avr/5.4.0/../../../../avr/lib/avr5\libc.a(__sio_sprintf_dosux.o)
 .stack.descriptors.hdr
                0x0000000000000142        0xe c:/program files/microchip/xc8/v3.10/avr/bin/../lib/gcc/avr/5.4.0/../../../../avr/lib/avr5\libc.a(__sio_sprintf_doux.o)
 .stack.descriptors.hdr
                0x0000000000000150        0xe c:/program files/microchip/xc8/v3.10/avr/bin/../lib/gcc/avr/5.4.0/../../../../avr/lib/avr5\libc.a(__fmt_d.o)
 .stack.descriptors.hdr
                0x000000000000015e        0xe c:/program files/microchip/xc8/v3.10/avr/bin/../lib/gcc/avr/5.4.0/../../../../avr/lib/avr5\libc.a(__fmt_o.o)
 .stack.descriptors.hdr
                0x000000000000016c        0xe c:/program files/microchip/xc8/v3.10/avr/bin/../lib/gcc/avr/5.4.0/../../../../avr/lib/avr5\libc.a(__fmt_s.o)
 .stack.descriptors.hdr
                0x000000000000017a        0xe c:/program files/microchip/xc8/v3.10/avr/bin/../lib/gcc/avr/5.4.0/../../../../avr/lib/avr5\libc.a(__fmt_u.o)
 .stack.descriptors.hdr
                0x0000000000000188        0xe c:/program files/microchip/xc8/v3.10/avr/bin/../lib/gcc/avr/5.4.0/../../../../avr/lib/avr5\libc.a(__fmt_x.o)
 .stack.descriptors.hdr
                0x0000000000000196        0xe c:/program files/microchip/xc8/v3.10/avr/bin/../lib/gcc/avr/5.4.0/../../../../avr/lib/avr5\libc.a(__pop_int.o)
 .stack.descriptors.hdr
                0x00000000000001a4        0xe c:/program files/microchip/xc8/v3.10/avr/bin/../lib/gcc/avr/5.4.0/../../../../avr/lib/avr5\libc.a(__printf_core.o)
 .stack.descriptors.hdr
                0x00000000000001b2        0xe c:/program files/microchip/xc8/v3.10/avr/bin/../lib/gcc/avr/5.4.0/../../../../avr/lib/avr5\libc.a(fputc.o)
 .stack.descriptors.hdr
                0x00000000000001c0        0xe c:/program files/microchip/xc8/v3.10/avr/bin/../lib/gcc/avr/5.4.0/../../../../avr/lib/avr5\libc.a(strlen.o)
 .stack.descriptors.hdr
                0x00000000000001ce        0xe c:/program files/microchip/xc8/v3.10/avr/bin/../lib/gcc/avr/5.4.0/../../../../avr/lib/avr5\libc.a(tolower.o)
 .stack.descriptors.hdr
                0x00000000000001dc        0xe c:/program files/microchip/xc8/v3.10/avr/bin/../lib/gcc/avr/5.4.0/../../../../avr/lib/avr5\libc.a(toupper.o)
 .stack.descriptors.hdr
                0x00000000000001ea        0xe c:/program files/microchip/xc8/v3.10/avr/bin/../lib/gcc/avr/5.4.0/../../../../avr/lib/avr5\libc.a(errno.o)
 .stack.descriptors.hdr
                0x00000000000001f8        0xe c:/program files/microchip/xc8/v3.10/avr/bin/../lib/gcc/avr/5.4.0/../../../../avr/lib/avr5\libc.a(_Exit.o)
 .stack.descriptors.hdr
                0x0000000000000206        0xe c:/program files/microchip/xc8/v3.10/avr/bin/../lib/gcc/avr/5.4.0/../../../../avr/lib/avr5\libc.a(__int_vsprintf.o)
 .stack.descriptors.hdr
                0x0000000000000214        0xe c:/program files/microchip/xc8/v3.10/avr/bin/../lib/gcc/avr/5.4.0/../../../../avr/lib/avr5\libc.a(__int_vsnprintf.o)
 .stack.descriptors.hdr
                0x0000000000000222        0xe c:/program files/microchip/xc8/v3.10/avr/bin/../lib/gcc/avr/5.4.0/../../../../avr/lib/avr5\libc.a(__int_vfprintf.o)
 .stack.descriptors.hdr
                0x0000000000000230        0xe c:/program files/microchip/xc8/v3.10/avr/bin/../lib/gcc/avr/5.4.0/avr5\libgcc.a(_exit.o)

.note.GNU-stack
                0x0000000000000000        0x0
 .note.GNU-stack
                0x0000000000000000        0x0 c:/program files/microchip/xc8/v3.10/avr/bin/../lib/gcc/avr/5.4.0/../../../../avr/lib/avr5\libm.a(addsf3.o)
 .note.GNU-stack
                0x0000000000000000        0x0 c:/program files/microchip/xc8/v3.10/avr/bin/../lib/gcc/avr/5.4.0/../../../../avr/lib/avr5\libm.a(addsf3x.o)
 .note.GNU-stack
                0x0000000000000000        0x0 c:/program files/microchip/xc8/v3.10/avr/bin/../lib/gcc/avr/5.4.0/../../../../avr/lib/avr5\libm.a(divsf3.o)
 .note.GNU-stack
                0x0000000000000000        0x0 c:/program files/microchip/xc8/v3.10/avr/bin/../lib/gcc/avr/5.4.0/../../../../avr/lib/avr5\libm.a(divsf3x.o)
 .note.GNU-stack
                0x0000000000000000        0x0 c:/program files/microchip/xc8/v3.10/avr/bin/../lib/gcc/avr/5.4.0/../../../../avr/lib/avr5\libm.a(fixunssfsi.o)
 .note.GNU-stack
                0x0000000000000000        0x0 c:/program files/microchip/xc8/v3.10/avr/bin/../lib/gcc/avr/5.4.0/../../../../avr/lib/avr5\libm.a(floatsisf.o)
 .note.GNU-stack
                0x0000000000000000        0x0 c:/program files/microchip/xc8/v3.10/avr/bin/../lib/gcc/avr/5.4.0/../../../../avr/lib/avr5\libm.a(floorf.o)
 .note.GNU-stack
                0x0000000000000000        0x0 c:/program files/microchip/xc8/v3.10/avr/bin/../lib/gcc/avr/5.4.0/../../../../avr/lib/avr5\libm.a(fp_inf.o)
 .note.GNU-stack
                0x0000000000000000        0x0 c:/program files/microchip/xc8/v3.10/avr/bin/../lib/gcc/avr/5.4.0/../../../../avr/lib/avr5\libm.a(fp_nan.o)
 .note.GNU-stack
                0x0000000000000000        0x0 c:/program files/microchip/xc8/v3.10/avr/bin/../lib/gcc/avr/5.4.0/../../../../avr/lib/avr5\libm.a(fp_pscA.o)
 .note.GNU-stack
                0x0000000000000000        0x0 c:/program files/microchip/xc8/v3.10/avr/bin/../lib/gcc/avr/5.4.0/../../../../avr/lib/avr5\libm.a(fp_pscB.o)
 .note.GNU-stack
                0x0000000000000000        0x0 c:/program files/microchip/xc8/v3.10/avr/bin/../lib/gcc/avr/5.4.0/../../../../avr/lib/avr5\libm.a(fp_round.o)
 .note.GNU-stack
                0x0000000000000000        0x0 c:/program files/microchip/xc8/v3.10/avr/bin/../lib/gcc/avr/5.4.0/../../../../avr/lib/avr5\libm.a(fp_split3.o)
 .note.GNU-stack
                0x0000000000000000        0x0 c:/program files/microchip/xc8/v3.10/avr/bin/../lib/gcc/avr/5.4.0/../../../../avr/lib/avr5\libm.a(fp_zero.o)
 .note.GNU-stack
                0x0000000000000000        0x0 c:/program files/microchip/xc8/v3.10/avr/bin/../lib/gcc/avr/5.4.0/../../../../avr/lib/avr5\libm.a(mulsf3.o)
 .note.GNU-stack
                0x0000000000000000        0x0 c:/program files/microchip/xc8/v3.10/avr/bin/../lib/gcc/avr/5.4.0/../../../../avr/lib/avr5\libm.a(mulsf3x.o)
 .note.GNU-stack
                0x0000000000000000        0x0 c:/program files/microchip/xc8/v3.10/avr/bin/../lib/gcc/avr/5.4.0/../../../../avr/lib/avr5\libc.a(exit.o)
 .note.GNU-stack
                0x0000000000000000        0x0 c:/program files/microchip/xc8/v3.10/avr/bin/../lib/gcc/avr/5.4.0/../../../../avr/lib/avr5\libc.a(__sio_sprintf_dosux.o)
 .note.GNU-stack
                0x0000000000000000        0x0 c:/program files/microchip/xc8/v3.10/avr/bin/../lib/gcc/avr/5.4.0/../../../../avr/lib/avr5\libc.a(__sio_sprintf_doux.o)
 .note.GNU-stack
                0x0000000000000000        0x0 c:/program files/microchip/xc8/v3.10/avr/bin/../lib/gcc/avr/5.4.0/../../../../avr/lib/avr5\libc.a(__fmt_d.o)
 .note.GNU-stack
                0x0000000000000000        0x0 c:/program files/microchip/xc8/v3.10/avr/bin/../lib/gcc/avr/5.4.0/../../../../avr/lib/avr5\libc.a(__fmt_o.o)
 .note.GNU-stack
                0x0000000000000000        0x0 c:/program files/microchip/xc8/v3.10/avr/bin/../lib/gcc/avr/5.4.0/../../../../avr/lib/avr5\libc.a(__fmt_s.o)
 .note.GNU-stack
                0x0000000000000000        0x0 c:/program files/microchip/xc8/v3.10/avr/bin/../lib/gcc/avr/5.4.0/../../../../avr/lib/avr5\libc.a(__fmt_u.o)
 .note.GNU-stack
                0x0000000000000000        0x0 c:/program files/microchip/xc8/v3.10/avr/bin/../lib/gcc/avr/5.4.0/../../../../avr/lib/avr5\libc.a(__fmt_x.o)
 .note.GNU-stack
                0x0000000000000000        0x0 c:/program files/microchip/xc8/v3.10/avr/bin/../lib/gcc/avr/5.4.0/../../../../avr/lib/avr5\libc.a(__pop_int.o)
 .note.GNU-stack
                0x0000000000000000        0x0 c:/program files/microchip/xc8/v3.10/avr/bin/../lib/gcc/avr/5.4.0/../../../../avr/lib/avr5\libc.a(__printf_core.o)
 .note.GNU-stack
                0x0000000000000000        0x0 c:/program files/microchip/xc8/v3.10/avr/bin/../lib/gcc/avr/5.4.0/../../../../avr/lib/avr5\libc.a(fputc.o)
 .note.GNU-stack
                0x0000000000000000        0x0 c:/program files/microchip/xc8/v3.10/avr/bin/../lib/gcc/avr/5.4.0/../../../../avr/lib/avr5\libc.a(strlen.o)
 .note.GNU-stack
                0x0000000000000000        0x0 c:/program files/microchip/xc8/v3.10/avr/bin/../lib/gcc/avr/5.4.0/../../../../avr/lib/avr5\libc.a(tolower.o)
 .note.GNU-stack
                0x0000000000000000        0x0 c:/program files/microchip/xc8/v3.10/avr/bin/../lib/gcc/avr/5.4.0/../../../../avr/lib/avr5\libc.a(toupper.o)
 .note.GNU-stack
                0x0000000000000000        0x0 c:/program files/microchip/xc8/v3.10/avr/bin/../lib/gcc/avr/5.4.0/../../../../avr/lib/avr5\libc.a(errno.o)
 .note.GNU-stack
                0x0000000000000000        0x0 c:/program files/microchip/xc8/v3.10/avr/bin/../lib/gcc/avr/5.4.0/../../../../avr/lib/avr5\libc.a(_Exit.o)
 .note.GNU-stack
                0x0000000000000000        0x0 c:/program files/microchip/xc8/v3.10/avr/bin/../lib/gcc/avr/5.4.0/../../../../avr/lib/avr5\libc.a(__int_vsprintf.o)
 .note.GNU-stack
                0x0000000000000000        0x0 c:/program files/microchip/xc8/v3.10/avr/bin/../lib/gcc/avr/5.4.0/../../../../avr/lib/avr5\libc.a(__int_vsnprintf.o)
 .note.GNU-stack
                0x0000000000000000        0x0 c:/program files/microchip/xc8/v3.10/avr/bin/../lib/gcc/avr/5.4.0/../../../../avr/lib/avr5\libc.a(__int_vfprintf.o)

.note.gnu.build-id
 *(.note.gnu.build-id)

.debug
 *(.debug)

.line
 *(.line)

.debug_srcinfo
 *(.debug_srcinfo)

.debug_sfnames
 *(.debug_sfnames)

.debug_aranges  0x0000000000000000      0x1c8
 *(.debug_aranges)
 .debug_aranges
                0x0000000000000000       0x50 build/default/production/main_screen.o
 .debug_aranges
                0x0000000000000050       0x68 build/default/production/twi.o
 .debug_aranges
                0x00000000000000b8       0x68 build/default/production/ssd1306.o
 .debug_aranges
                0x0000000000000120       0x38 build/default/production/inputs.o
 .debug_aranges
                0x0000000000000158       0x70 build/default/production/Si5351.o

.debug_pubnames
 *(.debug_pubnames)

.debug_info     0x0000000000000000     0x5602
 *(.debug_info .gnu.linkonce.wi.*)
 .debug_info    0x0000000000000000      0x9bb D:/apps/MPLAB/packs/Microchip/ATmega_DFP/3.5.296/xc8/avr/lib/avr5/crtatmega324pb.o
 .debug_info    0x00000000000009bb     0x1c78 build/default/production/main_screen.o
 .debug_info    0x0000000000002633      0x3ef build/default/production/twi.o
 .debug_info    0x0000000000002a22      0xb9e build/default/production/ssd1306.o
 .debug_info    0x00000000000035c0      0x5a6 build/default/production/inputs.o
 .debug_info    0x0000000000003b66     0x1a9c build/default/production/Si5351.o

.debug_abbrev   0x0000000000000000     0x11b2
 *(.debug_abbrev)
 .debug_abbrev  0x0000000000000000      0x934 D:/apps/MPLAB/packs/Microchip/ATmega_DFP/3.5.296/xc8/avr/lib/avr5/crtatmega324pb.o
 .debug_abbrev  0x0000000000000934      0x1f5 build/default/production/main_screen.o
 .debug_abbrev  0x0000000000000b29       0xe4 build/default/production/twi.o
 .debug_abbrev  0x0000000000000c0d      0x154 build/default/production/ssd1306.o
 .debug_abbrev  0x0000000000000d61      0x1eb build/default/production/inputs.o
 .debug_abbrev  0x0000000000000f4c      0x266 build/default/production/Si5351.o

.debug_line     0x0000000000000000     0x1460
 *(.debug_line .debug_line.* .debug_line_end)
 .debug_line    0x0000000000000000      0x1ca D:/apps/MPLAB/packs/Microchip/ATmega_DFP/3.5.296/xc8/avr/lib/avr5/crtatmega324pb.o
 .debug_line    0x00000000000001ca      0x61c build/default/production/main_screen.o
 .debug_line    0x00000000000007e6      0x248 build/default/production/twi.o
 .debug_line    0x0000000000000a2e      0x302 build/default/production/ssd1306.o
 .debug_line    0x0000000000000d30      0x253 build/default/production/inputs.o
 .debug_line    0x0000000000000f83      0x4dd build/default/production/Si5351.o

.debug_frame    0x0000000000000000      0x5c8
 *(.debug_frame)
 .debug_frame   0x0000000000000000      0x174 build/default/production/main_screen.o
 .debug_frame   0x0000000000000174       0xc4 build/default/production/twi.o
 .debug_frame   0x0000000000000238      0x13c build/default/production/ssd1306.o
 .debug_frame   0x0000000000000374       0x60 build/default/production/inputs.o
 .debug_frame   0x00000000000003d4      0x1f4 build/default/production/Si5351.o

.debug_str      0x0000000000000000      0x4bf
 *(.debug_str)
 .debug_str     0x0000000000000000      0x35a D:/apps/MPLAB/packs/Microchip/ATmega_DFP/3.5.296/xc8/avr/lib/avr5/crtatmega324pb.o
 .debug_str     0x000000000000035a       0xb1 build/default/production/main_screen.o
 .debug_str     0x000000000000040b        0x0 build/default/production/twi.o
 .debug_str     0x000000000000040b       0x32 build/default/production/ssd1306.o
 .debug_str     0x000000000000043d       0x26 build/default/production/inputs.o
 .debug_str     0x0000000000000463       0x5c build/default/production/Si5351.o

.debug_loc      0x0000000000000000     0x162b
 *(.debug_loc)
 .debug_loc     0x0000000000000000      0x559 build/default/production/main_screen.o
 .debug_loc     0x0000000000000559       0xad build/default/production/twi.o
 .debug_loc     0x0000000000000606      0x563 build/default/production/ssd1306.o
 .debug_loc     0x0000000000000b69      0x1e0 build/default/production/inputs.o
 .debug_loc     0x0000000000000d49      0x8e2 build/default/production/Si5351.o

.debug_macinfo
 *(.debug_macinfo)

.debug_weaknames
 *(.debug_weaknames)

.debug_funcnames
 *(.debug_funcnames)

.debug_typenames
 *(.debug_typenames)

.debug_varnames
 *(.debug_varnames)

.debug_pubtypes
 *(.debug_pubtypes)

.debug_ranges   0x0000000000000000      0x1c0
 *(.debug_ranges)
 .debug_ranges  0x0000000000000000       0x58 build/default/production/main_screen.o
 .debug_ranges  0x0000000000000058       0x58 build/default/production/twi.o
 .debug_ranges  0x00000000000000b0       0x58 build/default/production/ssd1306.o
 .debug_ranges  0x0000000000000108       0x58 build/default/production/inputs.o
 .debug_ranges  0x0000000000000160       0x60 build/default/production/Si5351.o

.debug_macro
 *(.debug_macro)
OUTPUT(dist/default/production/screen.X.production.elf elf32-avr)
LOAD linker stubs
LOAD data_init

.note.gnu.avr.deviceinfo
                0x0000000000000000       0x40
 .note.gnu.avr.deviceinfo
                0x0000000000000000       0x40 D:/apps/MPLAB/packs/Microchip/ATmega_DFP/3.5.296/xc8/avr/lib/avr5/crtatmega324pb.o

.bss.blink_timer
                0x000000000080047f        0x2
 .bss.blink_timer
                0x000000000080047f        0x2 build/default/production/main_screen.o
                0x000000000080047f                blink_timer

.bss.ctrl_source
                0x0000000000800483        0x1
 .bss.ctrl_source
                0x0000000000800483        0x1 build/default/production/main_screen.o
                0x0000000000800483                ctrl_source

.bss.radio_mode
                0x0000000000800484        0x1
 .bss.radio_mode
                0x0000000000800484        0x1 build/default/production/main_screen.o
                0x0000000000800484                radio_mode

.bss.cursor_pos
                0x0000000000800485        0x1
 .bss.cursor_pos
                0x0000000000800485        0x1 build/default/production/main_screen.o
                0x0000000000800485                cursor_pos

.bss.ui_state   0x0000000000800486        0x1
 .bss.ui_state  0x0000000000800486        0x1 build/default/production/main_screen.o
                0x0000000000800486                ui_state

.bss.enc_counter
                0x0000000000800487        0x1
 .bss.enc_counter
                0x0000000000800487        0x1 build/default/production/inputs.o

.bss.lastRdivValue
                0x000000000080045a        0xc
 .bss.lastRdivValue
                0x000000000080045a        0xc build/default/production/Si5351.o
                0x000000000080045a                lastRdivValue

.text.vfpfcnvrt
                0x0000000000000160      0x3fc
 .text.vfpfcnvrt
                0x0000000000000160      0x3fc c:/program files/microchip/xc8/v3.10/avr/bin/../lib/gcc/avr/5.4.0/../../../../avr/lib/avr5\libc.a(__printf_core.o)
                0x0000000000000160                vfpfcnvrt

.text.setup_clock
                0x000000000000055c      0x3b2
 .text.setup_clock
                0x000000000000055c      0x3b2 build/default/production/Si5351.o
                0x000000000000055c                setup_clock

.text.main      0x000000000000090e      0x316
 .text.main     0x000000000000090e      0x316 build/default/production/main_screen.o
                0x000000000000090e                main

.text.setup_PLL
                0x0000000000000c24      0x234
 .text.setup_PLL
                0x0000000000000c24      0x234 build/default/production/Si5351.o
                0x0000000000000c24                setup_PLL

.text.__fmt_x   0x0000000000000e58      0x1dc
 .text.__fmt_x  0x0000000000000e58      0x1dc c:/program files/microchip/xc8/v3.10/avr/bin/../lib/gcc/avr/5.4.0/../../../../avr/lib/avr5\libc.a(__fmt_x.o)
                0x0000000000000e58                __fmt_x_needed
                0x0000000000000e58                __fmt_x

.text.Update_Si5351_Freq
                0x0000000000001034      0x18c
 .text.Update_Si5351_Freq
                0x0000000000001034      0x18c build/default/production/main_screen.o
                0x0000000000001034                Update_Si5351_Freq

.text.Draw_Frequency
                0x00000000000011c0      0x156
 .text.Draw_Frequency
                0x00000000000011c0      0x156 build/default/production/main_screen.o
                0x00000000000011c0                Draw_Frequency

.text.Update_Left_Screen
                0x0000000000001316      0x142
 .text.Update_Left_Screen
                0x0000000000001316      0x142 build/default/production/main_screen.o
                0x0000000000001316                Update_Left_Screen

.text.floorf    0x0000000000001458       0xe8
 .text.floorf   0x0000000000001458       0xe8 c:/program files/microchip/xc8/v3.10/avr/bin/../lib/gcc/avr/5.4.0/../../../../avr/lib/avr5\libm.a(floorf.o)
                0x0000000000001458                floorf

.text.__fmt_d   0x0000000000001540       0xe4
 .text.__fmt_d  0x0000000000001540       0xe4 c:/program files/microchip/xc8/v3.10/avr/bin/../lib/gcc/avr/5.4.0/../../../../avr/lib/avr5\libc.a(__fmt_d.o)
                0x0000000000001540                __fmt_d
                0x0000000000001540                __fmt_d_needed

.text.Update_Right_Screen
                0x0000000000001624       0xe0
 .text.Update_Right_Screen
                0x0000000000001624       0xe0 build/default/production/main_screen.o
                0x0000000000001624                Update_Right_Screen

.text           0x0000000000001704       0xde
 .text          0x0000000000001704       0xde c:/program files/microchip/xc8/v3.10/avr/bin/../lib/gcc/avr/5.4.0/../../../../avr/lib/avr5\libm.a(divsf3x.o)
                0x0000000000001704                __divsf3x
                0x000000000000172c                __divsf3_pse

.text           0x00000000000017e2       0xd4
 .text          0x00000000000017e2       0xd4 c:/program files/microchip/xc8/v3.10/avr/bin/../lib/gcc/avr/5.4.0/../../../../avr/lib/avr5\libm.a(mulsf3x.o)
                0x00000000000017e2                __mulsf3x
                0x0000000000001808                __mulsf3_pse

.text.__pop_int
                0x00000000000018b6       0xd0
 .text.__pop_int
                0x00000000000018b6       0xd0 c:/program files/microchip/xc8/v3.10/avr/bin/../lib/gcc/avr/5.4.0/../../../../avr/lib/avr5\libc.a(__pop_int.o)
                0x00000000000018b6                __pop_int_needed
                0x00000000000018b6                __pop_int

.text.OLED_Init
                0x0000000000001986       0xce
 .text.OLED_Init
                0x0000000000001986       0xce build/default/production/ssd1306.o
                0x0000000000001986                OLED_Init

.text           0x0000000000001a54       0xce
 .text          0x0000000000001a54       0xce c:/program files/microchip/xc8/v3.10/avr/bin/../lib/gcc/avr/5.4.0/../../../../avr/lib/avr5\libm.a(addsf3x.o)
                0x0000000000001a54                __addsf3x

.text.__cvt_u   0x0000000000001b22       0xca
 .text.__cvt_u  0x0000000000001b22       0xca c:/program files/microchip/xc8/v3.10/avr/bin/../lib/gcc/avr/5.4.0/../../../../avr/lib/avr5\libc.a(__fmt_u.o)
                0x0000000000001b22                __cvt_u

.text.Inputs_Scan
                0x0000000000001bec       0xbe
 .text.Inputs_Scan
                0x0000000000001bec       0xbe build/default/production/inputs.o
                0x0000000000001bec                Inputs_Scan

.text.si5351_init
                0x0000000000001caa       0xb6
 .text.si5351_init
                0x0000000000001caa       0xb6 build/default/production/Si5351.o
                0x0000000000001caa                si5351_init

.text.__fmt_o   0x0000000000001d60       0xb2
 .text.__fmt_o  0x0000000000001d60       0xb2 c:/program files/microchip/xc8/v3.10/avr/bin/../lib/gcc/avr/5.4.0/../../../../avr/lib/avr5\libc.a(__fmt_o.o)
                0x0000000000001d60                __fmt_o
                0x0000000000001d60                __fmt_o_needed

.text.fputc     0x0000000000001e12       0x98
 .text.fputc    0x0000000000001e12       0x98 c:/program files/microchip/xc8/v3.10/avr/bin/../lib/gcc/avr/5.4.0/../../../../avr/lib/avr5\libc.a(fputc.o)
                0x0000000000001e12                fputc
                0x0000000000001e12                putc

.text.__fmt_u   0x0000000000001eaa       0x8e
 .text.__fmt_u  0x0000000000001eaa       0x8e c:/program files/microchip/xc8/v3.10/avr/bin/../lib/gcc/avr/5.4.0/../../../../avr/lib/avr5\libc.a(__fmt_u.o)
                0x0000000000001eaa                __fmt_u_needed
                0x0000000000001eaa                __fmt_u

.text.OLED_ShowChar
                0x0000000000001f38       0x7a
 .text.OLED_ShowChar
                0x0000000000001f38       0x7a build/default/production/ssd1306.o
                0x0000000000001f38                OLED_ShowChar

.text           0x0000000000001fb2       0x7a
 .text          0x0000000000001fb2       0x7a c:/program files/microchip/xc8/v3.10/avr/bin/../lib/gcc/avr/5.4.0/../../../../avr/lib/avr5\libm.a(floatsisf.o)
                0x0000000000001fb2                __floatunsisf
                0x0000000000001fb6                __floatsisf

.text.__vsnprintf
                0x000000000000202c       0x74
 .text.__vsnprintf
                0x000000000000202c       0x74 c:/program files/microchip/xc8/v3.10/avr/bin/../lib/gcc/avr/5.4.0/../../../../avr/lib/avr5\libc.a(__int_vsnprintf.o)
                0x000000000000202c                __vsnprintf

.text.__pad     0x00000000000020a0       0x72
 .text.__pad    0x00000000000020a0       0x72 c:/program files/microchip/xc8/v3.10/avr/bin/../lib/gcc/avr/5.4.0/../../../../avr/lib/avr5\libc.a(__printf_core.o)
                0x00000000000020a0                __pad

.text.read      0x0000000000002112       0x68
 .text.read     0x0000000000002112       0x68 build/default/production/Si5351.o

.text.__printf_core
                0x000000000000217a       0x68
 .text.__printf_core
                0x000000000000217a       0x68 c:/program files/microchip/xc8/v3.10/avr/bin/../lib/gcc/avr/5.4.0/../../../../avr/lib/avr5\libc.a(__printf_core.o)
                0x000000000000217a                __printf_core

.text.OLED_Fill
                0x00000000000021e2       0x62
 .text.OLED_Fill
                0x00000000000021e2       0x62 build/default/production/ssd1306.o
                0x00000000000021e2                OLED_Fill

.text           0x0000000000002244       0x5e
 .text          0x0000000000002244       0x5e c:/program files/microchip/xc8/v3.10/avr/bin/../lib/gcc/avr/5.4.0/../../../../avr/lib/avr5\libm.a(fixunssfsi.o)
                0x0000000000002244                __fixunssfsi

.text.read_prec_or_width
                0x00000000000022a2       0x5c
 .text.read_prec_or_width
                0x00000000000022a2       0x5c c:/program files/microchip/xc8/v3.10/avr/bin/../lib/gcc/avr/5.4.0/../../../../avr/lib/avr5\libc.a(__printf_core.o)

.text.OLED_ShowString
                0x00000000000022fe       0x5a
 .text.OLED_ShowString
                0x00000000000022fe       0x5a build/default/production/ssd1306.o
                0x00000000000022fe                OLED_ShowString

.text.__fmt_s   0x0000000000002358       0x54
 .text.__fmt_s  0x0000000000002358       0x54 c:/program files/microchip/xc8/v3.10/avr/bin/../lib/gcc/avr/5.4.0/../../../../avr/lib/avr5\libc.a(__fmt_s.o)
                0x0000000000002358                __fmt_s
                0x0000000000002358                __fmt_0_needed
                0x0000000000002358                __fmt_s_needed

.text           0x00000000000023ac       0x44
 .text          0x00000000000023ac       0x44 c:/program files/microchip/xc8/v3.10/avr/bin/../lib/gcc/avr/5.4.0/../../../../avr/lib/avr5\libm.a(fp_split3.o)
                0x00000000000023ac                __fp_split3
                0x00000000000023bc                __fp_splitA

.text.libgcc.div
                0x00000000000023f0       0x44
 .text.libgcc.div
                0x00000000000023f0       0x44 c:/program files/microchip/xc8/v3.10/avr/bin/../lib/gcc/avr/5.4.0/avr5\libgcc.a(_udivmodsi4.o)
                0x00000000000023f0                __udivmodsi4

.text.__fmt_state
                0x0000000000002434       0x40
 .text.__fmt_state
                0x0000000000002434       0x40 c:/program files/microchip/xc8/v3.10/avr/bin/../lib/gcc/avr/5.4.0/../../../../avr/lib/avr5\libc.a(__printf_core.o)
                0x0000000000002434                __fmt_state

.text.Inputs_Init
                0x0000000000002474       0x3e
 .text.Inputs_Init
                0x0000000000002474       0x3e build/default/production/inputs.o
                0x0000000000002474                Inputs_Init

.text.__out     0x00000000000024b2       0x3a
 .text.__out    0x00000000000024b2       0x3a c:/program files/microchip/xc8/v3.10/avr/bin/../lib/gcc/avr/5.4.0/../../../../avr/lib/avr5\libc.a(__printf_core.o)
                0x00000000000024b2                __out

.text.libgcc.prologue
                0x00000000000024ec       0x38
 .text.libgcc.prologue
                0x00000000000024ec       0x38 c:/program files/microchip/xc8/v3.10/avr/bin/../lib/gcc/avr/5.4.0/avr5\libgcc.a(_prologue.o)
                0x00000000000024ec                __prologue_saves__

.text.Get_Draw_Mode
                0x0000000000002524       0x36
 .text.Get_Draw_Mode
                0x0000000000002524       0x36 build/default/production/main_screen.o
                0x0000000000002524                Get_Draw_Mode

.text.libgcc.prologue
                0x000000000000255a       0x36
 .text.libgcc.prologue
                0x000000000000255a       0x36 c:/program files/microchip/xc8/v3.10/avr/bin/../lib/gcc/avr/5.4.0/avr5\libgcc.a(_epilogue.o)
                0x000000000000255a                __epilogue_restores__

.text.ADC_Read  0x0000000000002590       0x30
 .text.ADC_Read
                0x0000000000002590       0x30 build/default/production/inputs.o
                0x0000000000002590                ADC_Read

.text.__vfprintf
                0x00000000000025c0       0x30
 .text.__vfprintf
                0x00000000000025c0       0x30 c:/program files/microchip/xc8/v3.10/avr/bin/../lib/gcc/avr/5.4.0/../../../../avr/lib/avr5\libc.a(__int_vfprintf.o)
                0x00000000000025c0                __vfprintf

.text.OLED_SetPos
                0x00000000000025f0       0x2e
 .text.OLED_SetPos
                0x00000000000025f0       0x2e build/default/production/ssd1306.o
                0x00000000000025f0                OLED_SetPos

.text.twi_start
                0x000000000000261e       0x2a
 .text.twi_start
                0x000000000000261e       0x2a build/default/production/twi.o
                0x000000000000261e                twi_start

.text.si5351_write_reg
                0x0000000000002648       0x28
 .text.si5351_write_reg
                0x0000000000002648       0x28 build/default/production/main_screen.o
                0x0000000000002648                si5351_write_reg

.text.twi_init  0x0000000000002670       0x28
 .text.twi_init
                0x0000000000002670       0x28 build/default/production/twi.o
                0x0000000000002670                twi_init

.text.Write_Cmd
                0x0000000000002698       0x28
 .text.Write_Cmd
                0x0000000000002698       0x28 build/default/production/ssd1306.o

.text.write     0x00000000000026c0       0x28
 .text.write    0x00000000000026c0       0x28 build/default/production/Si5351.o

.text.__wrap_sprintf
                0x00000000000026e8       0x24
 .text.__wrap_sprintf
                0x00000000000026e8       0x24 c:/program files/microchip/xc8/v3.10/avr/bin/../lib/gcc/avr/5.4.0/../../../../avr/lib/avr5\libc.a(__sio_sprintf_dosux.o)
                0x00000000000026e8                _sprintf_cdopsuxX

.text.__wrap_sprintf
                0x000000000000270c       0x24
 .text.__wrap_sprintf
                0x000000000000270c       0x24 c:/program files/microchip/xc8/v3.10/avr/bin/../lib/gcc/avr/5.4.0/../../../../avr/lib/avr5\libc.a(__sio_sprintf_doux.o)
                0x000000000000270c                _sprintf_cdopuxX

.text.twi_MT_SLA_W
                0x0000000000002730       0x22
 .text.twi_MT_SLA_W
                0x0000000000002730       0x22 build/default/production/twi.o
                0x0000000000002730                twi_MT_SLA_W

.text           0x0000000000002752       0x22
 .text          0x0000000000002752       0x22 c:/program files/microchip/xc8/v3.10/avr/bin/../lib/gcc/avr/5.4.0/../../../../avr/lib/avr5\libm.a(fp_round.o)
                0x0000000000002752                __fp_round

.text.libgcc.mul
                0x0000000000002774       0x20
 .text.libgcc.mul
                0x0000000000002774       0x20 c:/program files/microchip/xc8/v3.10/avr/bin/../lib/gcc/avr/5.4.0/avr5\libgcc.a(_mulsi3.o)
                0x0000000000002774                __mulsi3

.text.twi_MR_SLA_R
                0x0000000000002794       0x1e
 .text.twi_MR_SLA_R
                0x0000000000002794       0x1e build/default/production/twi.o
                0x0000000000002794                twi_MR_SLA_R

.text.libgcc.mul
                0x00000000000027b2       0x1e
 .text.libgcc.mul
                0x00000000000027b2       0x1e c:/program files/microchip/xc8/v3.10/avr/bin/../lib/gcc/avr/5.4.0/avr5\libgcc.a(_umulhisi3.o)
                0x00000000000027b2                __umulhisi3

.text.strlen    0x00000000000027d0       0x1c
 .text.strlen   0x00000000000027d0       0x1c c:/program files/microchip/xc8/v3.10/avr/bin/../lib/gcc/avr/5.4.0/../../../../avr/lib/avr5\libc.a(strlen.o)
                0x00000000000027d0                strlen

.text.twi_MT_write
                0x00000000000027ec       0x1a
 .text.twi_MT_write
                0x00000000000027ec       0x1a build/default/production/twi.o
                0x00000000000027ec                twi_MT_write

.text.twi_MR_read_NACK
                0x0000000000002806       0x16
 .text.twi_MR_read_NACK
                0x0000000000002806       0x16 build/default/production/twi.o
                0x0000000000002806                twi_MR_read_NACK

.text.ADC_Init  0x000000000000281c       0x16
 .text.ADC_Init
                0x000000000000281c       0x16 build/default/production/inputs.o
                0x000000000000281c                ADC_Init

.text.libgcc.mul
                0x0000000000002832       0x16
 .text.libgcc.mul
                0x0000000000002832       0x16 c:/program files/microchip/xc8/v3.10/avr/bin/../lib/gcc/avr/5.4.0/avr5\libgcc.a(_muluhisi3.o)
                0x0000000000002832                __muluhisi3

.text.exit      0x0000000000002848       0x16
 .text.exit     0x0000000000002848       0x16 c:/program files/microchip/xc8/v3.10/avr/bin/../lib/gcc/avr/5.4.0/../../../../avr/lib/avr5\libc.a(exit.o)
                0x0000000000002848                exit

.text.twi_repeat_start
                0x000000000000285e       0x12
 .text.twi_repeat_start
                0x000000000000285e       0x12 build/default/production/twi.o
                0x000000000000285e                twi_repeat_start

.text.toupper   0x0000000000002870       0x12
 .text.toupper  0x0000000000002870       0x12 c:/program files/microchip/xc8/v3.10/avr/bin/../lib/gcc/avr/5.4.0/../../../../avr/lib/avr5\libc.a(toupper.o)
                0x0000000000002870                toupper

.text.enable_clocks
                0x0000000000002882       0x10
 .text.enable_clocks
                0x0000000000002882       0x10 build/default/production/Si5351.o
                0x0000000000002882                enable_clocks

.text.tolower   0x0000000000002892       0x10
 .text.tolower  0x0000000000002892       0x10 c:/program files/microchip/xc8/v3.10/avr/bin/../lib/gcc/avr/5.4.0/../../../../avr/lib/avr5\libc.a(tolower.o)
                0x0000000000002892                tolower

.text           0x00000000000028a2        0xe
 .text          0x00000000000028a2        0xe c:/program files/microchip/xc8/v3.10/avr/bin/../lib/gcc/avr/5.4.0/../../../../avr/lib/avr5\libm.a(addsf3.o)
                0x00000000000028a2                __subsf3
                0x00000000000028a4                __addsf3

.text           0x00000000000028b0        0xe
 .text          0x00000000000028b0        0xe c:/program files/microchip/xc8/v3.10/avr/bin/../lib/gcc/avr/5.4.0/../../../../avr/lib/avr5\libm.a(fp_pscA.o)
                0x00000000000028b0                __fp_pscA

.text           0x00000000000028be        0xe
 .text          0x00000000000028be        0xe c:/program files/microchip/xc8/v3.10/avr/bin/../lib/gcc/avr/5.4.0/../../../../avr/lib/avr5\libm.a(fp_pscB.o)
                0x00000000000028be                __fp_pscB

.text           0x00000000000028cc        0xe
 .text          0x00000000000028cc        0xe c:/program files/microchip/xc8/v3.10/avr/bin/../lib/gcc/avr/5.4.0/../../../../avr/lib/avr5\libm.a(fp_zero.o)
                0x00000000000028cc                __fp_zero
                0x00000000000028ce                __fp_szero

.text.__vsprintf
                0x00000000000028da        0xe
 .text.__vsprintf
                0x00000000000028da        0xe c:/program files/microchip/xc8/v3.10/avr/bin/../lib/gcc/avr/5.4.0/../../../../avr/lib/avr5\libc.a(__int_vsprintf.o)
                0x00000000000028da                __vsprintf

.text           0x00000000000028e8        0xc
 .text          0x00000000000028e8        0xc c:/program files/microchip/xc8/v3.10/avr/bin/../lib/gcc/avr/5.4.0/../../../../avr/lib/avr5\libm.a(fp_inf.o)
                0x00000000000028e8                __fp_inf

.text.libgcc    0x00000000000028f4        0xc
 .text.libgcc   0x00000000000028f4        0xc c:/program files/microchip/xc8/v3.10/avr/bin/../lib/gcc/avr/5.4.0/avr5\libgcc.a(_tablejump2.o)
                0x00000000000028f4                __tablejump2__

.text.twi_stop  0x0000000000002900        0x8
 .text.twi_stop
                0x0000000000002900        0x8 build/default/production/twi.o
                0x0000000000002900                twi_stop

.text.OLED_Clear
                0x0000000000002908        0x8
 .text.OLED_Clear
                0x0000000000002908        0x8 build/default/production/ssd1306.o
                0x0000000000002908                OLED_Clear

.text           0x0000000000002910        0x8
 .text          0x0000000000002910        0x8 c:/program files/microchip/xc8/v3.10/avr/bin/../lib/gcc/avr/5.4.0/../../../../avr/lib/avr5\libm.a(divsf3.o)
                0x0000000000002910                __divsf3

.text           0x0000000000002918        0x8
 .text          0x0000000000002918        0x8 c:/program files/microchip/xc8/v3.10/avr/bin/../lib/gcc/avr/5.4.0/../../../../avr/lib/avr5\libm.a(mulsf3.o)
                0x0000000000002918                __mulsf3

.text           0x0000000000002920        0x6
 .text          0x0000000000002920        0x6 c:/program files/microchip/xc8/v3.10/avr/bin/../lib/gcc/avr/5.4.0/../../../../avr/lib/avr5\libm.a(fp_nan.o)
                0x0000000000002920                __fp_nan

.text           0x0000000000002926        0x4
 .text          0x0000000000002926        0x4 D:/apps/MPLAB/packs/Microchip/ATmega_DFP/3.5.296/xc8/avr/lib/avr5/crtatmega324pb.o
                0x0000000000002926                __vector_38
                0x0000000000002926                __vector_22
                0x0000000000002926                __vector_28
                0x0000000000002926                __vector_1
                0x0000000000002926                __vector_32
                0x0000000000002926                __vector_34
                0x0000000000002926                __vector_24
                0x0000000000002926                __vector_12
                0x0000000000002926                __vector_46
                0x0000000000002926                __bad_interrupt
                0x0000000000002926                __vector_6
                0x0000000000002926                __vector_31
                0x0000000000002926                __vector_35
                0x0000000000002926                __vector_39
                0x0000000000002926                __vector_3
                0x0000000000002926                __vector_23
                0x0000000000002926                __vector_30
                0x0000000000002926                __vector_45
                0x0000000000002926                __vector_25
                0x0000000000002926                __vector_11
                0x0000000000002926                __vector_13
                0x0000000000002926                __vector_17
                0x0000000000002926                __vector_19
                0x0000000000002926                __vector_7
                0x0000000000002926                __vector_49
                0x0000000000002926                __vector_41
                0x0000000000002926                __vector_43
                0x0000000000002926                __vector_27
                0x0000000000002926                __vector_5
                0x0000000000002926                __vector_33
                0x0000000000002926                __vector_47
                0x0000000000002926                __vector_37
                0x0000000000002926                __vector_4
                0x0000000000002926                __vector_44
                0x0000000000002926                __vector_9
                0x0000000000002926                __vector_2
                0x0000000000002926                __vector_21
                0x0000000000002926                __vector_15
                0x0000000000002926                __vector_36
                0x0000000000002926                __vector_29
                0x0000000000002926                __vector_40
                0x0000000000002926                __vector_8
                0x0000000000002926                __vector_26
                0x0000000000002926                __vector_48
                0x0000000000002926                __vector_14
                0x0000000000002926                __vector_10
                0x0000000000002926                __vector_50
                0x0000000000002926                __vector_16
                0x0000000000002926                __vector_18
                0x0000000000002926                __vector_20
                0x0000000000002926                __vector_42

.text._Exit     0x000000000000292a        0x4
 .text._Exit    0x000000000000292a        0x4 c:/program files/microchip/xc8/v3.10/avr/bin/../lib/gcc/avr/5.4.0/../../../../avr/lib/avr5\libc.a(_Exit.o)
                0x000000000000292a                _Exit

.text.__dummy_fini
                0x000000000000292e        0x2
 .text.__dummy_fini
                0x000000000000292e        0x2 c:/program files/microchip/xc8/v3.10/avr/bin/../lib/gcc/avr/5.4.0/../../../../avr/lib/avr5\libc.a(exit.o)
                0x000000000000292e                _fini

.text.__dummy_funcs_on_exit
                0x0000000000002930        0x2
 .text.__dummy_funcs_on_exit
                0x0000000000002930        0x2 c:/program files/microchip/xc8/v3.10/avr/bin/../lib/gcc/avr/5.4.0/../../../../avr/lib/avr5\libc.a(exit.o)
                0x0000000000002930                __funcs_on_exit

.text.__dummy_simulator_exit
                0x0000000000002932        0x2
 .text.__dummy_simulator_exit
                0x0000000000002932        0x2 c:/program files/microchip/xc8/v3.10/avr/bin/../lib/gcc/avr/5.4.0/../../../../avr/lib/avr5\libc.a(exit.o)
                0x0000000000002932                __simulator_exit

.rodata.F6x8    0x0000000000800102      0x23a load address 0x0000000000002934
 .rodata.F6x8   0x0000000000800102      0x23a build/default/production/ssd1306.o
                0x0000000000800102                F6x8

.rodata         0x000000000080033c       0xd8 load address 0x0000000000002b6e
 .rodata        0x000000000080033c       0xd8 build/default/production/main_screen.o

.rodata.digit_multipliers
                0x0000000000800414       0x20 load address 0x0000000000002c46
 .rodata.digit_multipliers
                0x0000000000800414       0x20 build/default/production/main_screen.o
                0x0000000000800414                digit_multipliers

.rodata.state_table
                0x0000000000800434       0x16 load address 0x0000000000002c66
 .rodata.state_table
                0x0000000000800434       0x16 c:/program files/microchip/xc8/v3.10/avr/bin/../lib/gcc/avr/5.4.0/../../../../avr/lib/avr5\libc.a(__printf_core.o)

.rodata.enc_table.1979
                0x000000000080044a       0x10 load address 0x0000000000002c7c
 .rodata.enc_table.1979
                0x000000000080044a       0x10 build/default/production/inputs.o

.rodata.char_pos_map
                0x0000000000800466        0x8 load address 0x0000000000002c8c
 .rodata.char_pos_map
                0x0000000000800466        0x8 build/default/production/main_screen.o
                0x0000000000800466                char_pos_map

.rodata.nuls.2781
                0x000000000080046e        0x7 load address 0x0000000000002c94
 .rodata.nuls.2781
                0x000000000080046e        0x7 c:/program files/microchip/xc8/v3.10/avr/bin/../lib/gcc/avr/5.4.0/../../../../avr/lib/avr5\libc.a(__fmt_s.o)

.rodata.nilstr.2962
                0x0000000000800475        0x6 load address 0x0000000000002c9b
 .rodata.nilstr.2962
                0x0000000000800475        0x6 c:/program files/microchip/xc8/v3.10/avr/bin/../lib/gcc/avr/5.4.0/../../../../avr/lib/avr5\libc.a(__printf_core.o)

.data.current_freq
                0x000000000080047b        0x4 load address 0x0000000000002ca1
 .data.current_freq
                0x000000000080047b        0x4 build/default/production/main_screen.o
                0x000000000080047b                current_freq

.data.blink_state
                0x0000000000800481        0x1 load address 0x0000000000002ca5
 .data.blink_state
                0x0000000000800481        0x1 build/default/production/main_screen.o
                0x0000000000800481                blink_state

.data.freq_digit_idx
                0x0000000000800482        0x1 load address 0x0000000000002ca6
 .data.freq_digit_idx
                0x0000000000800482        0x1 build/default/production/main_screen.o
                0x0000000000800482                freq_digit_idx

.data.enc_prev_state
                0x0000000000800488        0x1 load address 0x0000000000002ca7
 .data.enc_prev_state
                0x0000000000800488        0x1 build/default/production/inputs.o
